Archive member included to satisfy reference by file (symbol)

/Applications/SEGGER Embedded Studio for ARM 5.50a/lib/libc_v7em_fpv4_sp_d16_hard_t_le_eabi.a(libc2.o)
                              Output/Release/Obj/saadc_pca10056/nrf_log_str_formatter.o (isprint)
/Applications/SEGGER Embedded Studio for ARM 5.50a/lib/libc_v7em_fpv4_sp_d16_hard_t_le_eabi.a(libc2_asm.o)
                              Output/Release/Obj/saadc_pca10056/nrf_log_frontend.o (memcpy)
/Applications/SEGGER Embedded Studio for ARM 5.50a/lib/libc_v7em_fpv4_sp_d16_hard_t_le_eabi.a(libvfprintf.o)
                              (__vfprintf_long)
/Applications/SEGGER Embedded Studio for ARM 5.50a/lib/libc_v7em_fpv4_sp_d16_hard_t_le_eabi.a(libvfscanf.o)
                              (__vfscanf_int)
/Applications/SEGGER Embedded Studio for ARM 5.50a/lib/libc_v7em_fpv4_sp_d16_hard_t_le_eabi.a(libc.o)
                              /Applications/SEGGER Embedded Studio for ARM 5.50a/lib/libc_v7em_fpv4_sp_d16_hard_t_le_eabi.a(libc2.o) (__heap_lock)
/Applications/SEGGER Embedded Studio for ARM 5.50a/lib/libc_v7em_fpv4_sp_d16_hard_t_le_eabi.a(libc_asm.o)
                              /Applications/SEGGER Embedded Studio for ARM 5.50a/lib/libc_v7em_fpv4_sp_d16_hard_t_le_eabi.a(libc2.o) (__aeabi_uldivmod)
/Applications/SEGGER Embedded Studio for ARM 5.50a/lib/libdebugio_v7em_fpv4_sp_d16_hard_t_le_eabi.a(libdebugio.o)
                              Output/Release/Obj/saadc_pca10056/thumb_crt0.o (debug_fopen)
/Applications/SEGGER Embedded Studio for ARM 5.50a/lib/libdebugio_v7em_fpv4_sp_d16_hard_t_le_eabi.a(do_nv_debug_operation.o)
                              /Applications/SEGGER Embedded Studio for ARM 5.50a/lib/libdebugio_v7em_fpv4_sp_d16_hard_t_le_eabi.a(libdebugio.o) (__do_nvdebug_operation)
/Applications/SEGGER Embedded Studio for ARM 5.50a/lib/libdebugio_v7em_fpv4_sp_d16_hard_t_le_eabi.a(mempoll_debug_operations.o)
                              (__do_debug_operation_mempoll)
/Applications/SEGGER Embedded Studio for ARM 5.50a/lib/libm_v7em_fpv4_sp_d16_hard_t_le_eabi.a(libm_asm.o)
                              /Applications/SEGGER Embedded Studio for ARM 5.50a/lib/libc_v7em_fpv4_sp_d16_hard_t_le_eabi.a(libc2.o) (__aeabi_dadd)
/Applications/SEGGER Embedded Studio for ARM 5.50a/lib/libm_v7em_fpv4_sp_d16_hard_t_le_eabi.a(libm2.o)
                              /Applications/SEGGER Embedded Studio for ARM 5.50a/lib/libc_v7em_fpv4_sp_d16_hard_t_le_eabi.a(libvfprintf.o) (frexp)

Discarded input sections

 .text          0x0000000000000000        0x0 Output/Release/Obj/saadc_pca10056/thumb_crt0.o
 .data          0x0000000000000000        0x0 Output/Release/Obj/saadc_pca10056/thumb_crt0.o
 .bss           0x0000000000000000        0x0 Output/Release/Obj/saadc_pca10056/thumb_crt0.o
 .text.__aeabi_read_tp
                0x0000000000000000        0x8 Output/Release/Obj/saadc_pca10056/thumb_crt0.o
 .text.abort    0x0000000000000000        0x2 Output/Release/Obj/saadc_pca10056/thumb_crt0.o
 .text.__assert
                0x0000000000000000        0x2 Output/Release/Obj/saadc_pca10056/thumb_crt0.o
 .text.__assert_func
                0x0000000000000000        0x2 Output/Release/Obj/saadc_pca10056/thumb_crt0.o
 .text.__aeabi_assert
                0x0000000000000000        0x2 Output/Release/Obj/saadc_pca10056/thumb_crt0.o
 .text.__sync_synchronize
                0x0000000000000000        0x2 Output/Release/Obj/saadc_pca10056/thumb_crt0.o
 .text.__getchar
                0x0000000000000000        0x4 Output/Release/Obj/saadc_pca10056/thumb_crt0.o
 .text.__putchar
                0x0000000000000000        0x4 Output/Release/Obj/saadc_pca10056/thumb_crt0.o
 .text.__open   0x0000000000000000        0x4 Output/Release/Obj/saadc_pca10056/thumb_crt0.o
 .text.__close  0x0000000000000000        0x4 Output/Release/Obj/saadc_pca10056/thumb_crt0.o
 .text.__write  0x0000000000000000        0xa Output/Release/Obj/saadc_pca10056/thumb_crt0.o
 .text.__read   0x0000000000000000        0xa Output/Release/Obj/saadc_pca10056/thumb_crt0.o
 .text.__seek   0x0000000000000000       0x1a Output/Release/Obj/saadc_pca10056/thumb_crt0.o
 .text.remove   0x0000000000000000        0x4 Output/Release/Obj/saadc_pca10056/thumb_crt0.o
 .text.rename   0x0000000000000000        0x4 Output/Release/Obj/saadc_pca10056/thumb_crt0.o
 .bss.__user_locale_name_buffer
                0x0000000000000000        0x4 Output/Release/Obj/saadc_pca10056/thumb_crt0.o
 .stack         0x0000000000000000        0x0 Output/Release/Obj/saadc_pca10056/thumb_crt0.o
 .stack_process
                0x0000000000000000        0x0 Output/Release/Obj/saadc_pca10056/thumb_crt0.o
 .heap          0x0000000000000000        0x0 Output/Release/Obj/saadc_pca10056/thumb_crt0.o
 .group         0x0000000000000000        0xc Output/Release/Obj/saadc_pca10056/nrf_log_backend_rtt.o
 .group         0x0000000000000000        0xc Output/Release/Obj/saadc_pca10056/nrf_log_backend_rtt.o
[...]
Memory Configuration

Name             Origin             Length             Attributes
UNPLACED_SECTIONS 0x0000000100000000 0x0000000000000000 xw
RAM1             0x0000000020000000 0x0000000000040000 xw
FLASH            0x0000000000000000 0x0000000000100000 xw
*default*        0x0000000000000000 0xffffffffffffffff

Linker script and memory map

                0x0000000000000000                __do_debug_operation = __do_debug_operation_mempoll
                0x0000000000000000                __vfprintf = __vfprintf_long
                0x0000000000000000                __vfscanf = __vfscanf_int
                0x0000000020000000                __RAM1_segment_start__ = 0x20000000
                0x0000000020040000                __RAM1_segment_end__ = 0x20040000
                0x0000000000040000                __RAM1_segment_size__ = 0x40000
                0x0000000000000000                __FLASH_segment_start__ = 0x0
                0x0000000000100000                __FLASH_segment_end__ = 0x100000
                0x0000000000100000                __FLASH_segment_size__ = 0x100000
                0x0000000000002000                __HEAPSIZE__ = 0x2000
                0x0000000000000000                __STACKSIZE_PROCESS__ = 0x0
                0x0000000000002000                __STACKSIZE__ = 0x2000
                0x0000000020000000                __vectors_ram_load_start__ = 0x20000000

.vectors_ram    0x0000000020000000        0x0
                0x0000000020000000                __vectors_ram_start__ = .
                0x0000000020000000                __app_ram_start__ = __vectors_ram_start__
 *(.vectors_ram .vectors_ram.*)
                0x0000000020000000                __vectors_ram_end__ = (__vectors_ram_start__ + SIZEOF (.vectors_ram))
                0x0000000000000000                __vectors_ram_size__ = SIZEOF (.vectors_ram)
                0x0000000020000000                __vectors_ram_load_end__ = __vectors_ram_end__
                0x0000000000000001                . = ASSERT (((__vectors_ram_start__ == __vectors_ram_end__) || ((__vectors_ram_end__ - __RAM1_segment_start__) <= __RAM1_segment_size__)), error: .vectors_ram is too large to fit in RAM1 memory segment)
                0x0000000020000000                __nrf_sections_run_load_start__ = ALIGN (__vectors_ram_end__, 0x4)

.nrf_sections_run
                0x0000000020000000        0x0
                0x0000000020000000                __nrf_sections_run_start__ = .
                0x0000000020000000                __start_nrf_sections_run = __nrf_sections_run_start__
 *(.nrf_sections_run .nrf_sections_run.*)
                0x0000000020000000                __nrf_sections_run_end__ = (__nrf_sections_run_start__ + SIZEOF (.nrf_sections_run))
                0x0000000000000000                __nrf_sections_run_size__ = SIZEOF (.nrf_sections_run)
                0x0000000020000000                __nrf_sections_run_load_end__ = __nrf_sections_run_end__
                0x0000000000000001                . = ASSERT (((__nrf_sections_run_start__ == __nrf_sections_run_end__) || ((__nrf_sections_run_end__ - __RAM1_segment_start__) <= __RAM1_segment_size__)), error: .nrf_sections_run is too large to fit in RAM1 memory segment)
                0x0000000000000000                __vectors_load_start__ = 0x0

.vectors        0x0000000000000000      0x200
                0x0000000000000000                __vectors_start__ = .
 *(.vectors .vectors.*)
 .vectors       0x0000000000000000      0x200 Output/Release/Obj/saadc_pca10056/ses_startup_nrf52840.o
                0x0000000000000000                _vectors
                0x0000000000000200                __vectors_end__ = (__vectors_start__ + SIZEOF (.vectors))
                0x0000000000000200                __vectors_size__ = SIZEOF (.vectors)
                0x0000000000000200                __vectors_load_end__ = __vectors_end__
                0x0000000000000001                . = ASSERT (((__vectors_start__ == __vectors_end__) || ((__vectors_end__ - __FLASH_segment_start__) <= __FLASH_segment_size__)), error: .vectors is too large to fit in FLASH memory segment)
                0x0000000000000200                __init_load_start__ = ALIGN (__vectors_end__, 0x4)

.init           0x0000000000000200      0x1d0
                0x0000000000000200                __init_start__ = .
 *(.init .init.*)
 .init          0x0000000000000200      0x15c Output/Release/Obj/saadc_pca10056/thumb_crt0.o
                0x0000000000000200                _start
                0x00000000000002b4                exit
 .init          0x000000000000035c       0x18 Output/Release/Obj/saadc_pca10056/ses_startup_nrf52840.o
                0x000000000000035c                NMI_Handler
                0x000000000000035e                HardFault_Handler
                0x0000000000000360                MemoryManagement_Handler
                0x0000000000000362                BusFault_Handler
                0x0000000000000364                UsageFault_Handler
                0x0000000000000366                SVC_Handler
                0x0000000000000368                DebugMon_Handler
                0x000000000000036a                PendSV_Handler
                0x000000000000036c                SysTick_Handler
                0x000000000000036e                TIMER3_IRQHandler
                0x000000000000036e                PWM3_IRQHandler
                0x000000000000036e                FPU_IRQHandler
                0x000000000000036e                USBD_IRQHandler
                0x000000000000036e                TIMER4_IRQHandler
                0x000000000000036e                CRYPTOCELL_IRQHandler
                0x000000000000036e                I2S_IRQHandler
                0x000000000000036e                SWI4_EGU4_IRQHandler
                0x000000000000036e                TIMER0_IRQHandler
                0x000000000000036e                UARTE1_IRQHandler
                0x000000000000036e                Dummy_Handler
                0x000000000000036e                TIMER1_IRQHandler
                0x000000000000036e                SPIM3_IRQHandler
                0x000000000000036e                PWM2_IRQHandler
                0x000000000000036e                ECB_IRQHandler
                0x000000000000036e                SPIM1_SPIS1_TWIM1_TWIS1_SPI1_TWI1_IRQHandler
                0x000000000000036e                CCM_AAR_IRQHandler
                0x000000000000036e                WDT_IRQHandler
                0x000000000000036e                SWI5_EGU5_IRQHandler
                0x000000000000036e                RNG_IRQHandler
                0x000000000000036e                PWM0_IRQHandler
                0x000000000000036e                SWI3_EGU3_IRQHandler
                0x000000000000036e                SWI1_EGU1_IRQHandler
                0x000000000000036e                SPIM2_SPIS2_SPI2_IRQHandler
                0x000000000000036e                NFCT_IRQHandler
                0x000000000000036e                MWU_IRQHandler
                0x000000000000036e                COMP_LPCOMP_IRQHandler
                0x000000000000036e                RTC0_IRQHandler
                0x000000000000036e                SWI0_EGU0_IRQHandler
                0x000000000000036e                SWI2_EGU2_IRQHandler
                0x000000000000036e                PWM1_IRQHandler
                0x000000000000036e                RADIO_IRQHandler
                0x000000000000036e                PDM_IRQHandler
                0x000000000000036e                TEMP_IRQHandler
                0x000000000000036e                QDEC_IRQHandler
                0x000000000000036e                TIMER2_IRQHandler
                0x000000000000036e                QSPI_IRQHandler
                0x0000000000000370                nRFInitialize
 .init          0x0000000000000374       0x5c Output/Release/Obj/saadc_pca10056/ses_startup_nrf_common.o
                0x0000000000000374                Reset_Handler
                0x0000000000000378                afterInitialize
                0x000000000000039c                InitializeUserMemorySections
                0x00000000000003d0                __init_end__ = (__init_start__ + SIZEOF (.init))
                0x00000000000001d0                __init_size__ = SIZEOF (.init)
                0x00000000000003d0                __init_load_end__ = __init_end__
                0x0000000000000001                . = ASSERT (((__init_start__ == __init_end__) || ((__init_end__ - __FLASH_segment_start__) <= __FLASH_segment_size__)), error: .init is too large to fit in FLASH memory segment)
                0x00000000000003d0                __init_rodata_load_start__ = ALIGN (__init_end__, 0x4)

.init_rodata    0x00000000000003d0        0x0
                0x00000000000003d0                __init_rodata_start__ = .
 *(.init_rodata .init_rodata.*)
                0x00000000000003d0                __init_rodata_end__ = (__init_rodata_start__ + SIZEOF (.init_rodata))
                0x0000000000000000                __init_rodata_size__ = SIZEOF (.init_rodata)
                0x00000000000003d0                __init_rodata_load_end__ = __init_rodata_end__
                0x0000000000000001                . = ASSERT (((__init_rodata_start__ == __init_rodata_end__) || ((__init_rodata_end__ - __FLASH_segment_start__) <= __FLASH_segment_size__)), error: .init_rodata is too large to fit in FLASH memory segment)
                0x00000000000003d0                __text_load_start__ = ALIGN (__init_rodata_end__, 0x4)

.text           0x00000000000003d0     0x2f5a
                0x00000000000003d0                __text_start__ = .
 *(.text .text.* .glue_7t .glue_7 .gnu.linkonce.t.* .gcc_except_table .ARM.extab* .gnu.linkonce.armextab.*)
 .glue_7        0x00000000000003d0        0x0 linker stubs
 .glue_7t       0x00000000000003d0        0x0 linker stubs
 .text.nrf_log_backend_rtt_flush
                0x00000000000003d0        0x2 Output/Release/Obj/saadc_pca10056/nrf_log_backend_rtt.o
 *fill*         0x00000000000003d2        0x2 
 .text.nrf_log_backend_rtt_put
                0x00000000000003d4       0x1c Output/Release/Obj/saadc_pca10056/nrf_log_backend_rtt.o
 .text.serial_tx
                0x00000000000003f0       0x50 Output/Release/Obj/saadc_pca10056/nrf_log_backend_rtt.o
 .text.nrf_log_backend_rtt_panic_set
                0x0000000000000440        0x2 Output/Release/Obj/saadc_pca10056/nrf_log_backend_rtt.o
 .text.nrf_log_backend_rtt_init
                0x0000000000000442        0x4 Output/Release/Obj/saadc_pca10056/nrf_log_backend_rtt.o
                0x0000000000000442                nrf_log_backend_rtt_init
 .text.nrf_log_backend_serial_put
                0x0000000000000446       0xc2 Output/Release/Obj/saadc_pca10056/nrf_log_backend_serial.o
                0x0000000000000446                nrf_log_backend_serial_put
 .text.nrf_log_default_backends_init
                0x0000000000000508       0x20 Output/Release/Obj/saadc_pca10056/nrf_log_default_backends.o
                0x0000000000000508                nrf_log_default_backends_init
 .text.invalid_packets_omit
                0x0000000000000528       0x3a Output/Release/Obj/saadc_pca10056/nrf_log_frontend.o
 *fill*         0x0000000000000562        0x2 
 .text.buf_prealloc
                0x0000000000000564      0x11c Output/Release/Obj/saadc_pca10056/nrf_log_frontend.o
 .text.nrf_log_init
                0x0000000000000680       0x28 Output/Release/Obj/saadc_pca10056/nrf_log_frontend.o
                0x0000000000000680                nrf_log_init
 .text.nrf_log_module_name_get
                0x00000000000006a8       0x38 Output/Release/Obj/saadc_pca10056/nrf_log_frontend.o
                0x00000000000006a8                nrf_log_module_name_get
 .text.nrf_log_color_id_get
                0x00000000000006e0       0x2c Output/Release/Obj/saadc_pca10056/nrf_log_frontend.o
                0x00000000000006e0                nrf_log_color_id_get
 .text.buffer_is_empty
                0x000000000000070c       0x14 Output/Release/Obj/saadc_pca10056/nrf_log_frontend.o
                0x000000000000070c                buffer_is_empty
 .text.nrf_log_frontend_dequeue
                0x0000000000000720      0x200 Output/Release/Obj/saadc_pca10056/nrf_log_frontend.o
                0x0000000000000720                nrf_log_frontend_dequeue
 .text.std_n    0x0000000000000920       0x8c Output/Release/Obj/saadc_pca10056/nrf_log_frontend.o
 .text.nrf_log_frontend_std_0
                0x00000000000009ac        0x8 Output/Release/Obj/saadc_pca10056/nrf_log_frontend.o
                0x00000000000009ac                nrf_log_frontend_std_0
 .text.nrf_log_frontend_std_2
                0x00000000000009b4       0x14 Output/Release/Obj/saadc_pca10056/nrf_log_frontend.o
                0x00000000000009b4                nrf_log_frontend_std_2
 .text.nrf_log_backend_add
                0x00000000000009c8       0x44 Output/Release/Obj/saadc_pca10056/nrf_log_frontend.o
                0x00000000000009c8                nrf_log_backend_add
 .text.nrf_log_panic
                0x0000000000000a0c       0x28 Output/Release/Obj/saadc_pca10056/nrf_log_frontend.o
                0x0000000000000a0c                nrf_log_panic
 .text.prefix_process
                0x0000000000000a34       0x7c Output/Release/Obj/saadc_pca10056/nrf_log_str_formatter.o
 .text.postfix_process
                0x0000000000000ab0       0x44 Output/Release/Obj/saadc_pca10056/nrf_log_str_formatter.o
 .text.nrf_log_std_entry_process
                0x0000000000000af4       0xc8 Output/Release/Obj/saadc_pca10056/nrf_log_str_formatter.o
                0x0000000000000af4                nrf_log_std_entry_process
 .text.nrf_log_hexdump_entry_process
                0x0000000000000bbc       0xc0 Output/Release/Obj/saadc_pca10056/nrf_log_str_formatter.o
                0x0000000000000bbc                nrf_log_hexdump_entry_process
 .text.app_error_handler_bare
                0x0000000000000c7c       0x1a Output/Release/Obj/saadc_pca10056/app_error.o
                0x0000000000000c7c                app_error_handler_bare
 *fill*         0x0000000000000c96        0x2 
 .text.app_error_fault_handler
                0x0000000000000c98       0x6c Output/Release/Obj/saadc_pca10056/app_error_weak.o
                0x0000000000000c98                app_error_fault_handler
 .text.app_util_disable_irq
                0x0000000000000d04       0x10 Output/Release/Obj/saadc_pca10056/app_util_platform.o
                0x0000000000000d04                app_util_disable_irq
 .text.app_util_enable_irq
                0x0000000000000d14       0x14 Output/Release/Obj/saadc_pca10056/app_util_platform.o
                0x0000000000000d14                app_util_enable_irq
 .text.app_util_critical_region_enter
                0x0000000000000d28        0x4 Output/Release/Obj/saadc_pca10056/app_util_platform.o
                0x0000000000000d28                app_util_critical_region_enter
 .text.app_util_critical_region_exit
                0x0000000000000d2c        0x4 Output/Release/Obj/saadc_pca10056/app_util_platform.o
                0x0000000000000d2c                app_util_critical_region_exit
 .text.nrf_atomic_u32_fetch_store
                0x0000000000000d30       0x16 Output/Release/Obj/saadc_pca10056/nrf_atomic.o
                0x0000000000000d30                nrf_atomic_u32_fetch_store
 .text.nrf_atomic_u32_or
                0x0000000000000d46       0x18 Output/Release/Obj/saadc_pca10056/nrf_atomic.o
                0x0000000000000d46                nrf_atomic_u32_or
 .text.nrf_atomic_u32_fetch_and
                0x0000000000000d5e       0x18 Output/Release/Obj/saadc_pca10056/nrf_atomic.o
                0x0000000000000d5e                nrf_atomic_u32_fetch_and
 .text.nrf_atomic_u32_add
                0x0000000000000d76       0x18 Output/Release/Obj/saadc_pca10056/nrf_atomic.o
                0x0000000000000d76                nrf_atomic_u32_add
 .text.nrf_atomic_u32_sub
                0x0000000000000d8e       0x18 Output/Release/Obj/saadc_pca10056/nrf_atomic.o
                0x0000000000000d8e                nrf_atomic_u32_sub
 .text.nrf_atomic_flag_set
                0x0000000000000da6        0x6 Output/Release/Obj/saadc_pca10056/nrf_atomic.o
                0x0000000000000da6                nrf_atomic_flag_set
 .text.nrf_atomic_flag_clear_fetch
                0x0000000000000dac        0x6 Output/Release/Obj/saadc_pca10056/nrf_atomic.o
                0x0000000000000dac                nrf_atomic_flag_clear_fetch
 .text.nrf_balloc_init
                0x0000000000000db2       0x2e Output/Release/Obj/saadc_pca10056/nrf_balloc.o
                0x0000000000000db2                nrf_balloc_init
 .text.nrf_balloc_alloc
                0x0000000000000de0       0x40 Output/Release/Obj/saadc_pca10056/nrf_balloc.o
                0x0000000000000de0                nrf_balloc_alloc
 .text.nrf_balloc_free
                0x0000000000000e20       0x2a Output/Release/Obj/saadc_pca10056/nrf_balloc.o
                0x0000000000000e20                nrf_balloc_free
 .text.nrf_fprintf_buffer_flush
                0x0000000000000e4a       0x16 Output/Release/Obj/saadc_pca10056/nrf_fprintf.o
                0x0000000000000e4a                nrf_fprintf_buffer_flush
 .text.nrf_fprintf
                0x0000000000000e60       0x1c Output/Release/Obj/saadc_pca10056/nrf_fprintf.o
                0x0000000000000e60                nrf_fprintf
 .text.buffer_add
                0x0000000000000e7c       0x1e Output/Release/Obj/saadc_pca10056/nrf_fprintf_format.o
 *fill*         0x0000000000000e9a        0x2 
 .text.unsigned_print
                0x0000000000000e9c       0xb4 Output/Release/Obj/saadc_pca10056/nrf_fprintf_format.o
 .text.nrf_fprintf_fmt
                0x0000000000000f50      0x294 Output/Release/Obj/saadc_pca10056/nrf_fprintf_format.o
                0x0000000000000f50                nrf_fprintf_fmt
 .text.memobj_op
                0x00000000000011e4       0x86 Output/Release/Obj/saadc_pca10056/nrf_memobj.o
 .text.nrf_memobj_pool_init
                0x000000000000126a        0x4 Output/Release/Obj/saadc_pca10056/nrf_memobj.o
                0x000000000000126a                nrf_memobj_pool_init
 .text.nrf_memobj_free
                0x000000000000126e       0x2c Output/Release/Obj/saadc_pca10056/nrf_memobj.o
                0x000000000000126e                nrf_memobj_free
 .text.nrf_memobj_alloc
                0x000000000000129a       0x5e Output/Release/Obj/saadc_pca10056/nrf_memobj.o
                0x000000000000129a                nrf_memobj_alloc
 .text.nrf_memobj_get
                0x00000000000012f8        0x8 Output/Release/Obj/saadc_pca10056/nrf_memobj.o
                0x00000000000012f8                nrf_memobj_get
 .text.nrf_memobj_put
                0x0000000000001300       0x1c Output/Release/Obj/saadc_pca10056/nrf_memobj.o
                0x0000000000001300                nrf_memobj_put
 .text.nrf_memobj_write
                0x000000000000131c       0x14 Output/Release/Obj/saadc_pca10056/nrf_memobj.o
                0x000000000000131c                nrf_memobj_write
 .text.nrf_memobj_read
                0x0000000000001330       0x14 Output/Release/Obj/saadc_pca10056/nrf_memobj.o
                0x0000000000001330                nrf_memobj_read
 .text.nrf_ringbuf_init
                0x0000000000001344       0x12 Output/Release/Obj/saadc_pca10056/nrf_ringbuf.o
                0x0000000000001344                nrf_ringbuf_init
 *fill*         0x0000000000001356        0x2 
 .text.RTC1_IRQHandler
                0x0000000000001358       0x14 Output/Release/Obj/saadc_pca10056/drv_rtc.o
                0x0000000000001358                RTC1_IRQHandler
 .text.rect_draw
                0x000000000000136c       0x3e Output/Release/Obj/saadc_pca10056/nrf_gfx.o
 .text.pixel_draw
                0x00000000000013aa       0x22 Output/Release/Obj/saadc_pca10056/nrf_gfx.o
 .text.nrf_gfx_init
                0x00000000000013cc       0x12 Output/Release/Obj/saadc_pca10056/nrf_gfx.o
                0x00000000000013cc                nrf_gfx_init
 .text.nrf_gfx_screen_fill
                0x00000000000013de       0x1a Output/Release/Obj/saadc_pca10056/nrf_gfx.o
                0x00000000000013de                nrf_gfx_screen_fill
 .text.nrf_gfx_print
                0x00000000000013f8      0x15a Output/Release/Obj/saadc_pca10056/nrf_gfx.o
                0x00000000000013f8                nrf_gfx_print
 .text.nrf_gfx_height_get
                0x0000000000001552        0x6 Output/Release/Obj/saadc_pca10056/nrf_gfx.o
                0x0000000000001552                nrf_gfx_height_get
 .text.nrf_gfx_width_get
                0x0000000000001558        0x6 Output/Release/Obj/saadc_pca10056/nrf_gfx.o
                0x0000000000001558                nrf_gfx_width_get
 *fill*         0x000000000000155e        0x2 
 .text.UARTE0_UART0_IRQHandler
                0x0000000000001560        0xc Output/Release/Obj/saadc_pca10056/nrfx_prs.o
                0x0000000000001560                UARTE0_UART0_IRQHandler
 .text.nrfx_prs_acquire
                0x000000000000156c       0x38 Output/Release/Obj/saadc_pca10056/nrfx_prs.o
                0x000000000000156c                nrfx_prs_acquire
 .text.nrfx_prs_release
                0x00000000000015a4       0x18 Output/Release/Obj/saadc_pca10056/nrfx_prs.o
                0x00000000000015a4                nrfx_prs_release
 .text.nrf_saadc_event_clear
                0x00000000000015bc       0x18 Output/Release/Obj/saadc_pca10056/nrfx_saadc.o
 .text.saadc_channel_count_get
                0x00000000000015d4       0x30 Output/Release/Obj/saadc_pca10056/nrfx_saadc.o
 .text.saadc_busy_check
                0x0000000000001604       0x1c Output/Release/Obj/saadc_pca10056/nrfx_saadc.o
 .text.saadc_generic_mode_set
                0x0000000000001620      0x108 Output/Release/Obj/saadc_pca10056/nrfx_saadc.o
 .text.saadc_event_limits_handle
                0x0000000000001728       0x5c Output/Release/Obj/saadc_pca10056/nrfx_saadc.o
 .text.nrfx_saadc_init
                0x0000000000001784       0x54 Output/Release/Obj/saadc_pca10056/nrfx_saadc.o
                0x0000000000001784                nrfx_saadc_init
 .text.nrfx_saadc_channels_config
                0x00000000000017d8       0xf0 Output/Release/Obj/saadc_pca10056/nrfx_saadc.o
                0x00000000000017d8                nrfx_saadc_channels_config
 .text.nrfx_saadc_simple_mode_set
                0x00000000000018c8       0x54 Output/Release/Obj/saadc_pca10056/nrfx_saadc.o
                0x00000000000018c8                nrfx_saadc_simple_mode_set
 .text.nrfx_saadc_buffer_set
                0x000000000000191c       0x74 Output/Release/Obj/saadc_pca10056/nrfx_saadc.o
                0x000000000000191c                nrfx_saadc_buffer_set
 .text.nrfx_saadc_mode_trigger
                0x0000000000001990      0x134 Output/Release/Obj/saadc_pca10056/nrfx_saadc.o
                0x0000000000001990                nrfx_saadc_mode_trigger
 .text.nrfx_saadc_offset_calibrate
                0x0000000000001ac4       0x54 Output/Release/Obj/saadc_pca10056/nrfx_saadc.o
                0x0000000000001ac4                nrfx_saadc_offset_calibrate
 .text.SAADC_IRQHandler
                0x0000000000001b18      0x138 Output/Release/Obj/saadc_pca10056/nrfx_saadc.o
                0x0000000000001b18                SAADC_IRQHandler
 .text.nrf_clock_event_clear
                0x0000000000001c50       0x14 Output/Release/Obj/saadc_pca10056/nrfx_clock.o
 .text.POWER_CLOCK_IRQHandler
                0x0000000000001c64       0x50 Output/Release/Obj/saadc_pca10056/nrfx_clock.o
                0x0000000000001c64                POWER_CLOCK_IRQHandler
 .text.nrf_rtc_event_clear
                0x0000000000001cb4       0x10 Output/Release/Obj/saadc_pca10056/nrfx_rtc.o
 .text.RTC2_IRQHandler
                0x0000000000001cc4       0x9c Output/Release/Obj/saadc_pca10056/nrfx_rtc.o
                0x0000000000001cc4                RTC2_IRQHandler
 .text.nrf_gpiote_event_clear
                0x0000000000001d60       0x18 Output/Release/Obj/saadc_pca10056/nrfx_gpiote.o
 .text.nrf_gpio_pin_port_decode
                0x0000000000001d78       0x18 Output/Release/Obj/saadc_pca10056/nrfx_gpiote.o
 .text.nrf_gpio_cfg_sense_set
                0x0000000000001d90       0x2e Output/Release/Obj/saadc_pca10056/nrfx_gpiote.o
 *fill*         0x0000000000001dbe        0x2 
 .text.channel_free
                0x0000000000001dc0       0x1c Output/Release/Obj/saadc_pca10056/nrfx_gpiote.o
 .text.nrfx_gpiote_init
                0x0000000000001ddc       0x8c Output/Release/Obj/saadc_pca10056/nrfx_gpiote.o
                0x0000000000001ddc                nrfx_gpiote_init
 .text.nrfx_gpiote_in_init
                0x0000000000001e68      0x100 Output/Release/Obj/saadc_pca10056/nrfx_gpiote.o
                0x0000000000001e68                nrfx_gpiote_in_init
 .text.nrfx_gpiote_in_event_enable
                0x0000000000001f68       0x9c Output/Release/Obj/saadc_pca10056/nrfx_gpiote.o
                0x0000000000001f68                nrfx_gpiote_in_event_enable
 .text.GPIOTE_IRQHandler
                0x0000000000002004      0x164 Output/Release/Obj/saadc_pca10056/nrfx_gpiote.o
                0x0000000000002004                GPIOTE_IRQHandler
 .text.spim_evt_handler
                0x0000000000002168       0x3c Output/Release/Obj/saadc_pca10056/nrf_drv_spi.o
 .text.nrf_drv_spi_init
                0x00000000000021a4       0x64 Output/Release/Obj/saadc_pca10056/nrf_drv_spi.o
                0x00000000000021a4                nrf_drv_spi_init
 .text.nrf_gpio_pin_clear
                0x0000000000002208       0x20 Output/Release/Obj/saadc_pca10056/nrfx_spim.o
 .text.nrf_gpio_pin_set
                0x0000000000002228       0x20 Output/Release/Obj/saadc_pca10056/nrfx_spim.o
 .text.SPIM0_SPIS0_TWIM0_TWIS0_SPI0_TWI0_IRQHandler
                0x0000000000002248       0x54 Output/Release/Obj/saadc_pca10056/nrfx_spim.o
                0x0000000000002248                SPIM0_SPIS0_TWIM0_TWIS0_SPI0_TWI0_IRQHandler
 .text.nrfx_spim_init
                0x000000000000229c      0x1d0 Output/Release/Obj/saadc_pca10056/nrfx_spim.o
                0x000000000000229c                nrfx_spim_init
 .text.nrfx_spim_uninit
                0x000000000000246c       0xac Output/Release/Obj/saadc_pca10056/nrfx_spim.o
                0x000000000000246c                nrfx_spim_uninit
 .text.nrfx_spim_xfer
                0x0000000000002518      0x114 Output/Release/Obj/saadc_pca10056/nrfx_spim.o
                0x0000000000002518                nrfx_spim_xfer
 .text.startup.main
                0x000000000000262c       0x6c Output/Release/Obj/saadc_pca10056/main.o
                0x000000000000262c                main
 .text.pin_event_handler
                0x0000000000002698       0x20 Output/Release/Obj/saadc_pca10056/joystick.o
 .text.joystick_read_x_y_values
                0x00000000000026b8       0x80 Output/Release/Obj/saadc_pca10056/joystick.o
                0x00000000000026b8                joystick_read_x_y_values
 .text.joystick_init
                0x0000000000002738       0x74 Output/Release/Obj/saadc_pca10056/joystick.o
                0x0000000000002738                joystick_init
 .text.gfx_initialization
                0x00000000000027ac       0x18 Output/Release/Obj/saadc_pca10056/st7735_display.o
                0x00000000000027ac                gfx_initialization
 .text.screen_clear
                0x00000000000027c4        0xc Output/Release/Obj/saadc_pca10056/st7735_display.o
                0x00000000000027c4                screen_clear
 .text.display_remote_settings
                0x00000000000027d0       0x90 Output/Release/Obj/saadc_pca10056/st7735_display.o
                0x00000000000027d0                display_remote_settings
 .text._GetAvailWriteSpace
                0x0000000000002860       0x12 Output/Release/Obj/saadc_pca10056/SEGGER_RTT.o
 .text._WriteNoCheck
                0x0000000000002872       0x38 Output/Release/Obj/saadc_pca10056/SEGGER_RTT.o
 .text._WriteBlocking
                0x00000000000028aa       0x52 Output/Release/Obj/saadc_pca10056/SEGGER_RTT.o
 .text._DoInit  0x00000000000028fc       0x60 Output/Release/Obj/saadc_pca10056/SEGGER_RTT.o
 .text.SEGGER_RTT_WriteNoLock
                0x000000000000295c       0x60 Output/Release/Obj/saadc_pca10056/SEGGER_RTT.o
                0x000000000000295c                SEGGER_RTT_WriteNoLock
 .text.SEGGER_RTT_Init
                0x00000000000029bc        0x4 Output/Release/Obj/saadc_pca10056/SEGGER_RTT.o
                0x00000000000029bc                SEGGER_RTT_Init
 .text.nrf52_errata_36
                0x00000000000029c0       0x12 Output/Release/Obj/saadc_pca10056/system_nrf52840.o
 *fill*         0x00000000000029d2        0x2 
 .text.nrf52_errata_98
                0x00000000000029d4       0x24 Output/Release/Obj/saadc_pca10056/system_nrf52840.o
 .text.SystemInit
                0x00000000000029f8      0x1d4 Output/Release/Obj/saadc_pca10056/system_nrf52840.o
                0x00000000000029f8                SystemInit
 .text.st7735_dummy_display
                0x0000000000002bcc        0x2 Output/Release/Obj/saadc_pca10056/st7735.o
 *fill*         0x0000000000002bce        0x2 
 .text.st7735_uninit
                0x0000000000002bd0        0xc Output/Release/Obj/saadc_pca10056/st7735.o
 .text.nrf_gpio_pin_set.constprop.0
                0x0000000000002bdc       0x10 Output/Release/Obj/saadc_pca10056/st7735.o
 .text.spi_write
                0x0000000000002bec       0x2c Output/Release/Obj/saadc_pca10056/st7735.o
 .text.write_data
                0x0000000000002c18       0x1a Output/Release/Obj/saadc_pca10056/st7735.o
 *fill*         0x0000000000002c32        0x2 
 .text.nrf_delay_ms.part.0
                0x0000000000002c34       0x1c Output/Release/Obj/saadc_pca10056/st7735.o
 .text.nrf_gpio_pin_clear.constprop.0
                0x0000000000002c50       0x10 Output/Release/Obj/saadc_pca10056/st7735.o
 .text.write_command
                0x0000000000002c60       0x1a Output/Release/Obj/saadc_pca10056/st7735.o
 .text.st7735_display_invert
                0x0000000000002c7a        0xc Output/Release/Obj/saadc_pca10056/st7735.o
 *fill*         0x0000000000002c86        0x2 
 .text.st7735_rotation_set
                0x0000000000002c88       0x5c Output/Release/Obj/saadc_pca10056/st7735.o
 .text.set_addr_window
                0x0000000000002ce4       0x50 Output/Release/Obj/saadc_pca10056/st7735.o
 .text.st7735_rect_draw
                0x0000000000002d34       0xa2 Output/Release/Obj/saadc_pca10056/st7735.o
 .text.st7735_pixel_draw
                0x0000000000002dd6       0x3a Output/Release/Obj/saadc_pca10056/st7735.o
 .text.st7735_init
                0x0000000000002e10      0x304 Output/Release/Obj/saadc_pca10056/st7735.o
 .text.libc.__RAL_ascii_isctype
                0x0000000000003114       0x1c /Applications/SEGGER Embedded Studio for ARM 5.50a/lib/libc_v7em_fpv4_sp_d16_hard_t_le_eabi.a(libc2.o)
 .text.libc.__RAL_ascii_toupper
                0x0000000000003130        0xc /Applications/SEGGER Embedded Studio for ARM 5.50a/lib/libc_v7em_fpv4_sp_d16_hard_t_le_eabi.a(libc2.o)
 .text.libc.__RAL_ascii_tolower
                0x000000000000313c        0xc /Applications/SEGGER Embedded Studio for ARM 5.50a/lib/libc_v7em_fpv4_sp_d16_hard_t_le_eabi.a(libc2.o)
 .text.libc.__RAL_ascii_iswctype
                0x0000000000003148       0x1c /Applications/SEGGER Embedded Studio for ARM 5.50a/lib/libc_v7em_fpv4_sp_d16_hard_t_le_eabi.a(libc2.o)
 .text.libc.__RAL_ascii_towupper
                0x0000000000003164        0xc /Applications/SEGGER Embedded Studio for ARM 5.50a/lib/libc_v7em_fpv4_sp_d16_hard_t_le_eabi.a(libc2.o)
 .text.libc.__RAL_ascii_towlower
                0x0000000000003170        0xc /Applications/SEGGER Embedded Studio for ARM 5.50a/lib/libc_v7em_fpv4_sp_d16_hard_t_le_eabi.a(libc2.o)
 .text.libc.__RAL_ascii_wctomb
                0x000000000000317c        0xe /Applications/SEGGER Embedded Studio for ARM 5.50a/lib/libc_v7em_fpv4_sp_d16_hard_t_le_eabi.a(libc2.o)
                0x000000000000317c                __RAL_ascii_wctomb
 .text.libc.__RAL_ascii_mbtowc
                0x000000000000318a       0x24 /Applications/SEGGER Embedded Studio for ARM 5.50a/lib/libc_v7em_fpv4_sp_d16_hard_t_le_eabi.a(libc2.o)
                0x000000000000318a                __RAL_ascii_mbtowc
 *fill*         0x00000000000031ae        0x2 
 .text.libc.__RAL_isctype
                0x00000000000031b0       0x14 /Applications/SEGGER Embedded Studio for ARM 5.50a/lib/libc_v7em_fpv4_sp_d16_hard_t_le_eabi.a(libc2.o)
                0x00000000000031b0                __RAL_isctype
 .text.libc.isprint
                0x00000000000031c4        0xa /Applications/SEGGER Embedded Studio for ARM 5.50a/lib/libc_v7em_fpv4_sp_d16_hard_t_le_eabi.a(libc2.o)
                0x00000000000031c4                isprint
 .text.libc.memcpy
                0x00000000000031ce       0x52 /Applications/SEGGER Embedded Studio for ARM 5.50a/lib/libc_v7em_fpv4_sp_d16_hard_t_le_eabi.a(libc2_asm.o)
                0x00000000000031ce                memcpy
                0x00000000000031ce                __aeabi_memcpy
                0x00000000000031da                __aeabi_memcpy4
                0x00000000000031da                __aeabi_memcpy8
 .text.libc.memset
                0x0000000000003220       0x66 /Applications/SEGGER Embedded Studio for ARM 5.50a/lib/libc_v7em_fpv4_sp_d16_hard_t_le_eabi.a(libc2_asm.o)
                0x0000000000003220                memset
 .text.libc.strcpy
                0x0000000000003286       0x44 /Applications/SEGGER Embedded Studio for ARM 5.50a/lib/libc_v7em_fpv4_sp_d16_hard_t_le_eabi.a(libc2_asm.o)
                0x0000000000003286                strcpy
 .text.libc.strlen
                0x00000000000032ca       0x60 /Applications/SEGGER Embedded Studio for ARM 5.50a/lib/libc_v7em_fpv4_sp_d16_hard_t_le_eabi.a(libc2_asm.o)
                0x00000000000032ca                strlen
                0x000000000000332a                __text_end__ = (__text_start__ + SIZEOF (.text))
                0x0000000000002f5a                __text_size__ = SIZEOF (.text)
                0x000000000000332a                __text_load_end__ = __text_end__

.vfp11_veneer   0x0000000100000000        0x0
 .vfp11_veneer  0x0000000100000000        0x0 linker stubs

.v4_bx          0x0000000100000000        0x0
 .v4_bx         0x0000000100000000        0x0 linker stubs

.iplt           0x0000000100000000        0x0
 .iplt          0x0000000100000000        0x0 Output/Release/Obj/saadc_pca10056/thumb_crt0.o
                0x0000000000000001                . = ASSERT (((__text_start__ == __text_end__) || ((__text_end__ - __FLASH_segment_start__) <= __FLASH_segment_size__)), error: .text is too large to fit in FLASH memory segment)
                0x000000000000332c                __pwr_mgmt_data_load_start__ = ALIGN (__text_end__, 0x4)

.pwr_mgmt_data  0x000000000000332c        0x0
                0x000000000000332c                __pwr_mgmt_data_start__ = .
                0x000000000000332c                __start_pwr_mgmt_data = __pwr_mgmt_data_start__
 *(SORT_BY_NAME(.pwr_mgmt_data*))
                0x000000000000332c                __pwr_mgmt_data_end__ = (__pwr_mgmt_data_start__ + SIZEOF (.pwr_mgmt_data))
                0x0000000000000000                __pwr_mgmt_data_size__ = SIZEOF (.pwr_mgmt_data)
                0x000000000000332c                __stop_pwr_mgmt_data = __pwr_mgmt_data_end__
                0x000000000000332c                __pwr_mgmt_data_load_end__ = __pwr_mgmt_data_end__
                0x0000000000000001                . = ASSERT (((__pwr_mgmt_data_start__ == __pwr_mgmt_data_end__) || ((__pwr_mgmt_data_end__ - __FLASH_segment_start__) <= __FLASH_segment_size__)), error: .pwr_mgmt_data is too large to fit in FLASH memory segment)
                0x000000000000332c                __log_const_data_load_start__ = ALIGN (__pwr_mgmt_data_end__, 0x4)

.log_const_data
                0x000000000000332c       0x70
                0x000000000000332c                __log_const_data_start__ = .
                0x000000000000332c                __start_log_const_data = __log_const_data_start__
 *(SORT_BY_NAME(.log_const_data*))
 .log_const_data_CLOCK
                0x000000000000332c        0x8 Output/Release/Obj/saadc_pca10056/nrfx_clock.o
                0x000000000000332c                m_nrf_log_CLOCK_logs_data_const
 .log_const_data_GPIOTE
                0x0000000000003334        0x8 Output/Release/Obj/saadc_pca10056/nrfx_gpiote.o
                0x0000000000003334                m_nrf_log_GPIOTE_logs_data_const
 .log_const_data_PRS
                0x000000000000333c        0x8 Output/Release/Obj/saadc_pca10056/nrfx_prs.o
                0x000000000000333c                m_nrf_log_PRS_logs_data_const
 .log_const_data_RTC
                0x0000000000003344        0x8 Output/Release/Obj/saadc_pca10056/nrfx_rtc.o
                0x0000000000003344                m_nrf_log_RTC_logs_data_const
 .log_const_data_SAADC
                0x000000000000334c        0x8 Output/Release/Obj/saadc_pca10056/nrfx_saadc.o
                0x000000000000334c                m_nrf_log_SAADC_logs_data_const
 .log_const_data_SPIM
                0x0000000000003354        0x8 Output/Release/Obj/saadc_pca10056/nrfx_spim.o
                0x0000000000003354                m_nrf_log_SPIM_logs_data_const
 .log_const_data_UART
                0x000000000000335c        0x8 Output/Release/Obj/saadc_pca10056/nrfx_uart.o
                0x000000000000335c                m_nrf_log_UART_logs_data_const
 .log_const_data_UARTE
                0x0000000000003364        0x8 Output/Release/Obj/saadc_pca10056/nrfx_uarte.o
                0x0000000000003364                m_nrf_log_UARTE_logs_data_const
 .log_const_data_app
                0x000000000000336c        0x8 Output/Release/Obj/saadc_pca10056/nrf_log_frontend.o
                0x000000000000336c                m_nrf_log_app_logs_data_const
 .log_const_data_app_timer
                0x0000000000003374        0x8 Output/Release/Obj/saadc_pca10056/app_timer2.o
                0x0000000000003374                m_nrf_log_app_timer_logs_data_const
 .log_const_data_clock
                0x000000000000337c        0x8 Output/Release/Obj/saadc_pca10056/nrf_drv_clock.o
                0x000000000000337c                m_nrf_log_clock_logs_data_const
 .log_const_data_gfx
                0x0000000000003384        0x8 Output/Release/Obj/saadc_pca10056/nrf_gfx.o
                0x0000000000003384                m_nrf_log_gfx_logs_data_const
 .log_const_data_pwr_mgmt
                0x000000000000338c        0x8 Output/Release/Obj/saadc_pca10056/nrf_pwr_mgmt.o
                0x000000000000338c                m_nrf_log_pwr_mgmt_logs_data_const
 .log_const_data_sortlist
                0x0000000000003394        0x8 Output/Release/Obj/saadc_pca10056/nrf_sortlist.o
                0x0000000000003394                m_nrf_log_sortlist_logs_data_const
                0x000000000000339c                __log_const_data_end__ = (__log_const_data_start__ + SIZEOF (.log_const_data))
                0x0000000000000070                __log_const_data_size__ = SIZEOF (.log_const_data)
                0x000000000000339c                __stop_log_const_data = __log_const_data_end__
                0x000000000000339c                __log_const_data_load_end__ = __log_const_data_end__
                0x0000000000000001                . = ASSERT (((__log_const_data_start__ == __log_const_data_end__) || ((__log_const_data_end__ - __FLASH_segment_start__) <= __FLASH_segment_size__)), error: .log_const_data is too large to fit in FLASH memory segment)
                0x000000000000339c                __log_backends_load_start__ = ALIGN (__log_const_data_end__, 0x4)

.log_backends   0x000000000000339c       0x10
                0x000000000000339c                __log_backends_start__ = .
                0x000000000000339c                __start_log_backends = __log_backends_start__
 *(SORT_BY_NAME(.log_backends*))
 .log_backends  0x000000000000339c       0x10 Output/Release/Obj/saadc_pca10056/nrf_log_default_backends.o
                0x00000000000033ac                __log_backends_end__ = (__log_backends_start__ + SIZEOF (.log_backends))
                0x0000000000000010                __log_backends_size__ = SIZEOF (.log_backends)
                0x00000000000033ac                __stop_log_backends = __log_backends_end__
                0x00000000000033ac                __log_backends_load_end__ = __log_backends_end__
                0x0000000000000001                . = ASSERT (((__log_backends_start__ == __log_backends_end__) || ((__log_backends_end__ - __FLASH_segment_start__) <= __FLASH_segment_size__)), error: .log_backends is too large to fit in FLASH memory segment)
                0x00000000000033ac                __nrf_balloc_load_start__ = ALIGN (__log_backends_end__, 0x4)

.nrf_balloc     0x00000000000033ac       0x14
                0x00000000000033ac                __nrf_balloc_start__ = .
                0x00000000000033ac                __start_nrf_balloc = __nrf_balloc_start__
 *(.nrf_balloc*)
 .nrf_balloc    0x00000000000033ac       0x14 Output/Release/Obj/saadc_pca10056/nrf_log_frontend.o
                0x00000000000033ac                log_mempool
                0x00000000000033c0                __nrf_balloc_end__ = (__nrf_balloc_start__ + SIZEOF (.nrf_balloc))
                0x0000000000000014                __nrf_balloc_size__ = SIZEOF (.nrf_balloc)
                0x00000000000033c0                __stop_nrf_balloc = __nrf_balloc_end__
                0x00000000000033c0                __nrf_balloc_load_end__ = __nrf_balloc_end__
                0x0000000000000001                . = ASSERT (((__nrf_balloc_start__ == __nrf_balloc_end__) || ((__nrf_balloc_end__ - __FLASH_segment_start__) <= __FLASH_segment_size__)), error: .nrf_balloc is too large to fit in FLASH memory segment)
                0x00000000000033c0                __nrf_sections_load_start__ = ALIGN (__nrf_balloc_end__, 0x4)

.nrf_sections   0x00000000000033c0        0x0
                0x00000000000033c0                __nrf_sections_start__ = .
                0x00000000000033c0                __start_nrf_sections = __nrf_sections_start__
 *(.nrf_sections .nrf_sections.*)
                0x00000000000033c0                __nrf_sections_end__ = (__nrf_sections_start__ + SIZEOF (.nrf_sections))
                0x0000000000000000                __nrf_sections_size__ = SIZEOF (.nrf_sections)
                0x00000000000033c0                __nrf_sections_load_end__ = __nrf_sections_end__
                0x0000000000000001                . = ASSERT (((__nrf_sections_start__ == __nrf_sections_end__) || ((__nrf_sections_end__ - __FLASH_segment_start__) <= __FLASH_segment_size__)), error: .nrf_sections is too large to fit in FLASH memory segment)
                0x00000000000033c0                __log_dynamic_data_load_start__ = ALIGN (__nrf_sections_end__, 0x4)

.log_dynamic_data
                0x0000000020000000        0x0 load address 0x00000000000033c0
                0x0000000020000000                __log_dynamic_data_start__ = .
 *(SORT_BY_NAME(.log_dynamic_data*))
                0x0000000020000000                __log_dynamic_data_end__ = (__log_dynamic_data_start__ + SIZEOF (.log_dynamic_data))
                0x0000000000000000                __log_dynamic_data_size__ = SIZEOF (.log_dynamic_data)
                0x00000000000033c0                __log_dynamic_data_load_end__ = (__log_dynamic_data_load_start__ + SIZEOF (.log_dynamic_data))
                0x0000000000000001                . = ASSERT (((__log_dynamic_data_load_start__ == __log_dynamic_data_load_end__) || ((__log_dynamic_data_load_end__ - __FLASH_segment_start__) <= __FLASH_segment_size__)), error: .log_dynamic_data is too large to fit in FLASH memory segment)

.log_dynamic_data_run
                0x0000000020000000        0x0
                0x0000000020000000                __log_dynamic_data_run_start__ = .
                0x0000000020000000                __start_log_dynamic_data = __log_dynamic_data_run_start__
                0x0000000020000000                __log_dynamic_data_run_end__ = (__log_dynamic_data_run_start__ + SIZEOF (.log_dynamic_data))
                0x0000000000000000                __log_dynamic_data_run_size__ = (__log_dynamic_data_run_end__ - __log_dynamic_data_run_start__)
                0x0000000020000000                __stop_log_dynamic_data = __log_dynamic_data_run_end__
                0x0000000020000000                __log_dynamic_data_run_load_end__ = __log_dynamic_data_run_end__
                0x0000000000000001                . = ASSERT (((__log_dynamic_data_run_start__ == __log_dynamic_data_run_end__) || ((__log_dynamic_data_run_end__ - __RAM1_segment_start__) <= __RAM1_segment_size__)), error: .log_dynamic_data_run is too large to fit in RAM1 memory segment)
                0x00000000000033c0                __log_filter_data_load_start__ = ALIGN ((__log_dynamic_data_load_start__ + SIZEOF (.log_dynamic_data)), 0x4)

.log_filter_data
                0x0000000020000000        0x0 load address 0x00000000000033c0
                0x0000000020000000                __log_filter_data_start__ = .
 *(SORT_BY_NAME(.log_filter_data*))
                0x0000000020000000                __log_filter_data_end__ = (__log_filter_data_start__ + SIZEOF (.log_filter_data))
                0x0000000000000000                __log_filter_data_size__ = SIZEOF (.log_filter_data)
                0x00000000000033c0                __log_filter_data_load_end__ = (__log_filter_data_load_start__ + SIZEOF (.log_filter_data))
                0x0000000000000001                . = ASSERT (((__log_filter_data_load_start__ == __log_filter_data_load_end__) || ((__log_filter_data_load_end__ - __FLASH_segment_start__) <= __FLASH_segment_size__)), error: .log_filter_data is too large to fit in FLASH memory segment)

.log_filter_data_run
                0x0000000020000000        0x0
                0x0000000020000000                __log_filter_data_run_start__ = .
                0x0000000020000000                __start_log_filter_data = __log_filter_data_run_start__
                0x0000000020000000                __log_filter_data_run_end__ = (__log_filter_data_run_start__ + SIZEOF (.log_filter_data))
                0x0000000000000000                __log_filter_data_run_size__ = (__log_filter_data_run_end__ - __log_filter_data_run_start__)
                0x0000000020000000                __stop_log_filter_data = __log_filter_data_run_end__
                0x0000000020000000                __log_filter_data_run_load_end__ = __log_filter_data_run_end__
                0x0000000000000001                . = ASSERT (((__log_filter_data_run_start__ == __log_filter_data_run_end__) || ((__log_filter_data_run_end__ - __RAM1_segment_start__) <= __RAM1_segment_size__)), error: .log_filter_data_run is too large to fit in RAM1 memory segment)
                0x0000000020000000                __nrf_sections_run_end_load_start__ = ALIGN (__log_filter_data_run_end__, 0x4)

.nrf_sections_run_end
                0x0000000020000000        0x0
                0x0000000020000000                __nrf_sections_run_end_start__ = .
                0x0000000020000000                __end_nrf_sections_run = __nrf_sections_run_end_start__
 *(.nrf_sections_run_end .nrf_sections_run_end.*)
                0x0000000020000000                __nrf_sections_run_end_end__ = (__nrf_sections_run_end_start__ + SIZEOF (.nrf_sections_run_end))
                0x0000000000000000                __nrf_sections_run_end_size__ = SIZEOF (.nrf_sections_run_end)
                0x0000000020000000                __nrf_sections_run_end_load_end__ = __nrf_sections_run_end_end__
                0x0000000000000001                . = ASSERT (((__nrf_sections_run_end_start__ == __nrf_sections_run_end_end__) || ((__nrf_sections_run_end_end__ - __RAM1_segment_start__) <= __RAM1_segment_size__)), error: .nrf_sections_run_end is too large to fit in RAM1 memory segment)
                0x00000000000033c0                __dtors_load_start__ = ALIGN ((__log_filter_data_load_start__ + SIZEOF (.log_filter_data)), 0x4)

.dtors          0x00000000000033c0        0x0
                0x00000000000033c0                __dtors_start__ = .
 *(SORT_BY_NAME(.dtors.*))
 *(.dtors)
 *(.fini_array)
 *(SORT_BY_NAME(.fini_array.*))
                0x00000000000033c0                __dtors_end__ = (__dtors_start__ + SIZEOF (.dtors))
                0x0000000000000000                __dtors_size__ = SIZEOF (.dtors)
                0x00000000000033c0                __dtors_load_end__ = __dtors_end__
                0x0000000000000001                . = ASSERT (((__dtors_start__ == __dtors_end__) || ((__dtors_end__ - __FLASH_segment_start__) <= __FLASH_segment_size__)), error: .dtors is too large to fit in FLASH memory segment)
                0x00000000000033c0                __ctors_load_start__ = ALIGN (__dtors_end__, 0x4)

.ctors          0x00000000000033c0        0x0
                0x00000000000033c0                __ctors_start__ = .
 *(SORT_BY_NAME(.ctors.*))
 *(.ctors)
 *(.init_array)
 *(SORT_BY_NAME(.init_array.*))
                0x00000000000033c0                __ctors_end__ = (__ctors_start__ + SIZEOF (.ctors))
                0x0000000000000000                __ctors_size__ = SIZEOF (.ctors)
                0x00000000000033c0                __ctors_load_end__ = __ctors_end__
                0x0000000000000001                . = ASSERT (((__ctors_start__ == __ctors_end__) || ((__ctors_end__ - __FLASH_segment_start__) <= __FLASH_segment_size__)), error: .ctors is too large to fit in FLASH memory segment)
                0x00000000000033c0                __rodata_load_start__ = ALIGN (__ctors_end__, 0x4)

.rodata         0x00000000000033c0      0xc5a
                0x00000000000033c0                __rodata_start__ = .
 *(.rodata .rodata.* .gnu.linkonce.r.*)
 .rodata.delay_machine_code.0
                0x00000000000033c0        0x6 Output/Release/Obj/saadc_pca10056/nrf_log_backend_rtt.o
 *fill*         0x00000000000033c6        0x2 
 .rodata.nrf_log_backend_rtt_api
                0x00000000000033c8        0xc Output/Release/Obj/saadc_pca10056/nrf_log_backend_rtt.o
                0x00000000000033c8                nrf_log_backend_rtt_api
 .rodata.str1.1
                0x00000000000033d4       0x10 Output/Release/Obj/saadc_pca10056/nrf_log_default_backends.o
 .rodata.nrf_log_frontend_dequeue.str1.1
                0x00000000000033e4       0x11 Output/Release/Obj/saadc_pca10056/nrf_log_frontend.o
 .rodata.str1.1
                0x00000000000033f5        0x4 Output/Release/Obj/saadc_pca10056/nrf_log_frontend.o
 *fill*         0x00000000000033f9        0x3 
 .rodata.m_log_push_ringbuf
                0x00000000000033fc        0xc Output/Release/Obj/saadc_pca10056/nrf_log_frontend.o
 .rodata.prefix_process.str1.1
                0x0000000000003408       0x32 Output/Release/Obj/saadc_pca10056/nrf_log_str_formatter.o
 .rodata.postfix_process.str1.1
                0x000000000000343a       0x32 Output/Release/Obj/saadc_pca10056/nrf_log_str_formatter.o
                                          0x3 (size before relaxing)
 .rodata.nrf_log_hexdump_entry_process.str1.1
                0x000000000000343a        0xf Output/Release/Obj/saadc_pca10056/nrf_log_str_formatter.o
                                         0x11 (size before relaxing)
 .rodata.str1.1
                0x0000000000003449       0x4b Output/Release/Obj/saadc_pca10056/nrf_log_str_formatter.o
                                         0x51 (size before relaxing)
 .rodata.m_colors
                0x0000000000003494       0x24 Output/Release/Obj/saadc_pca10056/nrf_log_str_formatter.o
 .rodata.severity_names
                0x00000000000034b8       0x14 Output/Release/Obj/saadc_pca10056/nrf_log_str_formatter.o
 .rodata.app_error_fault_handler.str1.1
                0x00000000000034cc       0x19 Output/Release/Obj/saadc_pca10056/app_error_weak.o
 .rodata._aV2C.0
                0x00000000000034e5       0x10 Output/Release/Obj/saadc_pca10056/nrf_fprintf_format.o
 .rodata.str1.1
                0x00000000000034f5        0x9 Output/Release/Obj/saadc_pca10056/nrf_pwr_mgmt.o
 .rodata.str1.1
                0x00000000000034fe        0xa Output/Release/Obj/saadc_pca10056/app_timer2.o
 .rodata.str1.1
                0x0000000000003508        0x9 Output/Release/Obj/saadc_pca10056/nrf_sortlist.o
 .rodata.str1.1
                0x0000000000003511        0x4 Output/Release/Obj/saadc_pca10056/nrf_gfx.o
 .rodata.str1.1
                0x0000000000003515        0x4 Output/Release/Obj/saadc_pca10056/nrfx_prs.o
 .rodata.str1.1
                0x0000000000003519        0x6 Output/Release/Obj/saadc_pca10056/nrfx_saadc.o
 .rodata.str1.1
                0x000000000000351f        0x5 Output/Release/Obj/saadc_pca10056/nrfx_uart.o
 .rodata.str1.1
                0x0000000000003524        0x6 Output/Release/Obj/saadc_pca10056/nrfx_uarte.o
 .rodata.str1.1
                0x000000000000352a        0x6 Output/Release/Obj/saadc_pca10056/nrfx_clock.o
 .rodata.str1.1
                0x0000000000003530        0x4 Output/Release/Obj/saadc_pca10056/nrfx_rtc.o
 .rodata.str1.1
                0x0000000000003534        0x6 Output/Release/Obj/saadc_pca10056/nrf_drv_clock.o
 .rodata.str1.1
                0x000000000000353a        0x7 Output/Release/Obj/saadc_pca10056/nrfx_gpiote.o
 *fill*         0x0000000000003541        0x3 
 .rodata        0x0000000000003544       0x10 Output/Release/Obj/saadc_pca10056/nrf_drv_spi.o
 .rodata.str1.1
                0x0000000000003554        0x5 Output/Release/Obj/saadc_pca10056/nrfx_spim.o
 .rodata.main.str1.1
                0x0000000000003559       0x18 Output/Release/Obj/saadc_pca10056/main.o
 .rodata        0x0000000000003571        0x3 Output/Release/Obj/saadc_pca10056/joystick.o
 .rodata.text_print.str1.1
                0x0000000000003574        0xd Output/Release/Obj/saadc_pca10056/st7735_display.o
 .rodata._DoInit.str1.1
                0x0000000000003581       0x14 Output/Release/Obj/saadc_pca10056/SEGGER_RTT.o
 .rodata.CSWTCH.6
                0x0000000000003595        0x4 Output/Release/Obj/saadc_pca10056/system_nrf52840.o
 *fill*         0x0000000000003599        0x3 
 .rodata        0x000000000000359c       0x10 Output/Release/Obj/saadc_pca10056/st7735.o
 *fill*         0x00000000000035ac        0x4 
 .rodata.delay_machine_code.0
                0x00000000000035b0        0x6 Output/Release/Obj/saadc_pca10056/st7735.o
 *fill*         0x00000000000035b6        0x2 
 .rodata.nrf_lcd_st7735
                0x00000000000035b8       0x20 Output/Release/Obj/saadc_pca10056/st7735.o
                0x00000000000035b8                nrf_lcd_st7735
 .rodata.spi    0x00000000000035d8       0x10 Output/Release/Obj/saadc_pca10056/st7735.o
 .rodata.orkney_8ptBitmaps
                0x00000000000035e8      0x670 Output/Release/Obj/saadc_pca10056/orkney8pts.o
                0x00000000000035e8                orkney_8ptBitmaps
 .rodata.orkney_8ptDescriptors
                0x0000000000003c58      0x178 Output/Release/Obj/saadc_pca10056/orkney8pts.o
                0x0000000000003c58                orkney_8ptDescriptors
 .rodata.orkney_8ptFontInfo
                0x0000000000003dd0        0xc Output/Release/Obj/saadc_pca10056/orkney8pts.o
                0x0000000000003dd0                orkney_8ptFontInfo
 .rodata.libc.__RAL_find_locale.str1.4
                0x0000000000003ddc        0xa /Applications/SEGGER Embedded Studio for ARM 5.50a/lib/libc_v7em_fpv4_sp_d16_hard_t_le_eabi.a(libc2.o)
 *fill*         0x0000000000003de6        0x2 
 .rodata.libc.__RAL_ascii_ctype_map
                0x0000000000003de8       0x80 /Applications/SEGGER Embedded Studio for ARM 5.50a/lib/libc_v7em_fpv4_sp_d16_hard_t_le_eabi.a(libc2.o)
                0x0000000000003de8                __RAL_ascii_ctype_map
 .rodata.libc.__RAL_ascii_ctype_mask
                0x0000000000003e68        0xd /Applications/SEGGER Embedded Studio for ARM 5.50a/lib/libc_v7em_fpv4_sp_d16_hard_t_le_eabi.a(libc2.o)
 *fill*         0x0000000000003e75        0x3 
 .rodata.libc.__RAL_c_locale
                0x0000000000003e78        0xc /Applications/SEGGER Embedded Studio for ARM 5.50a/lib/libc_v7em_fpv4_sp_d16_hard_t_le_eabi.a(libc2.o)
                0x0000000000003e78                __RAL_c_locale
 .rodata.libc.__RAL_c_locale_abbrev_day_names
                0x0000000000003e84       0x1d /Applications/SEGGER Embedded Studio for ARM 5.50a/lib/libc_v7em_fpv4_sp_d16_hard_t_le_eabi.a(libc2.o)
                0x0000000000003e84                __RAL_c_locale_abbrev_day_names
 *fill*         0x0000000000003ea1        0x3 
 .rodata.libc.__RAL_c_locale_abbrev_month_names
                0x0000000000003ea4       0x31 /Applications/SEGGER Embedded Studio for ARM 5.50a/lib/libc_v7em_fpv4_sp_d16_hard_t_le_eabi.a(libc2.o)
                0x0000000000003ea4                __RAL_c_locale_abbrev_month_names
 *fill*         0x0000000000003ed5        0x3 
 .rodata.libc.__RAL_c_locale_am_pm_indicator
                0x0000000000003ed8        0x7 /Applications/SEGGER Embedded Studio for ARM 5.50a/lib/libc_v7em_fpv4_sp_d16_hard_t_le_eabi.a(libc2.o)
                0x0000000000003ed8                __RAL_c_locale_am_pm_indicator
 *fill*         0x0000000000003edf        0x1 
 .rodata.libc.__RAL_c_locale_data
                0x0000000000003ee0       0x58 /Applications/SEGGER Embedded Studio for ARM 5.50a/lib/libc_v7em_fpv4_sp_d16_hard_t_le_eabi.a(libc2.o)
                0x0000000000003ee0                __RAL_c_locale_data
 .rodata.libc.__RAL_c_locale_date_format
                0x0000000000003f38        0x9 /Applications/SEGGER Embedded Studio for ARM 5.50a/lib/libc_v7em_fpv4_sp_d16_hard_t_le_eabi.a(libc2.o)
                0x0000000000003f38                __RAL_c_locale_date_format
 *fill*         0x0000000000003f41        0x3 
 .rodata.libc.__RAL_c_locale_date_time_format
                0x0000000000003f44        0xf /Applications/SEGGER Embedded Studio for ARM 5.50a/lib/libc_v7em_fpv4_sp_d16_hard_t_le_eabi.a(libc2.o)
                0x0000000000003f44                __RAL_c_locale_date_time_format
 *fill*         0x0000000000003f53        0x1 
 .rodata.libc.__RAL_c_locale_day_names
                0x0000000000003f54       0x3a /Applications/SEGGER Embedded Studio for ARM 5.50a/lib/libc_v7em_fpv4_sp_d16_hard_t_le_eabi.a(libc2.o)
                0x0000000000003f54                __RAL_c_locale_day_names
 *fill*         0x0000000000003f8e        0x2 
 .rodata.libc.__RAL_c_locale_month_names
                0x0000000000003f90       0x57 /Applications/SEGGER Embedded Studio for ARM 5.50a/lib/libc_v7em_fpv4_sp_d16_hard_t_le_eabi.a(libc2.o)
                0x0000000000003f90                __RAL_c_locale_month_names
 *fill*         0x0000000000003fe7        0x1 
 .rodata.libc.__RAL_c_locale_time_format
                0x0000000000003fe8        0x9 /Applications/SEGGER Embedded Studio for ARM 5.50a/lib/libc_v7em_fpv4_sp_d16_hard_t_le_eabi.a(libc2.o)
                0x0000000000003fe8                __RAL_c_locale_time_format
 *fill*         0x0000000000003ff1        0x3 
 .rodata.libc.__RAL_codeset_ascii
                0x0000000000003ff4       0x20 /Applications/SEGGER Embedded Studio for ARM 5.50a/lib/libc_v7em_fpv4_sp_d16_hard_t_le_eabi.a(libc2.o)
                0x0000000000003ff4                __RAL_codeset_ascii
 .rodata.libc.__RAL_data_empty_string
                0x0000000000004014        0x1 /Applications/SEGGER Embedded Studio for ARM 5.50a/lib/libc_v7em_fpv4_sp_d16_hard_t_le_eabi.a(libc2.o)
                0x0000000000004014                __RAL_data_empty_string
 *fill*         0x0000000000004015        0x3 
 .rodata.libc.__RAL_data_utf8_period
                0x0000000000004018        0x2 /Applications/SEGGER Embedded Studio for ARM 5.50a/lib/libc_v7em_fpv4_sp_d16_hard_t_le_eabi.a(libc2.o)
                0x0000000000004018                __RAL_data_utf8_period
                0x000000000000401a                __rodata_end__ = (__rodata_start__ + SIZEOF (.rodata))
                0x0000000000000c5a                __rodata_size__ = SIZEOF (.rodata)
                0x000000000000401a                __rodata_load_end__ = __rodata_end__

.rel.dyn        0x000000000000401c        0x0
 .rel.iplt      0x000000000000401c        0x0 Output/Release/Obj/saadc_pca10056/thumb_crt0.o
                0x0000000000000001                . = ASSERT (((__rodata_start__ == __rodata_end__) || ((__rodata_end__ - __FLASH_segment_start__) <= __FLASH_segment_size__)), error: .rodata is too large to fit in FLASH memory segment)
                0x000000000000401c                __ARM.exidx_load_start__ = ALIGN (__rodata_end__, 0x4)

.ARM.exidx      0x000000000000401c        0x0
                0x000000000000401c                __ARM.exidx_start__ = .
                0x000000000000401c                __exidx_start = __ARM.exidx_start__
 *(.ARM.exidx .ARM.exidx.*)
                0x000000000000401c                __ARM.exidx_end__ = (__ARM.exidx_start__ + SIZEOF (.ARM.exidx))
                0x0000000000000000                __ARM.exidx_size__ = SIZEOF (.ARM.exidx)
                0x000000000000401c                __exidx_end = __ARM.exidx_end__
                0x000000000000401c                __ARM.exidx_load_end__ = __ARM.exidx_end__
                0x0000000000000001                . = ASSERT (((__ARM.exidx_start__ == __ARM.exidx_end__) || ((__ARM.exidx_end__ - __FLASH_segment_start__) <= __FLASH_segment_size__)), error: .ARM.exidx is too large to fit in FLASH memory segment)
                0x000000000000401c                __fast_load_start__ = ALIGN (__ARM.exidx_end__, 0x4)

.fast           0x0000000020000000        0x0 load address 0x000000000000401c
                0x0000000020000000                __fast_start__ = .
 *(.fast .fast.*)
                0x0000000020000000                __fast_end__ = (__fast_start__ + SIZEOF (.fast))
                0x0000000000000000                __fast_size__ = SIZEOF (.fast)
                0x000000000000401c                __fast_load_end__ = (__fast_load_start__ + SIZEOF (.fast))
                0x0000000000000001                . = ASSERT (((__fast_load_start__ == __fast_load_end__) || ((__fast_load_end__ - __FLASH_segment_start__) <= __FLASH_segment_size__)), error: .fast is too large to fit in FLASH memory segment)

.fast_run       0x0000000020000000        0x0
                0x0000000020000000                __fast_run_start__ = .
                0x0000000020000000                __fast_run_end__ = (__fast_run_start__ + SIZEOF (.fast))
                0x0000000000000000                __fast_run_size__ = (__fast_run_end__ - __fast_run_start__)
                0x0000000020000000                __fast_run_load_end__ = __fast_run_end__
                0x0000000000000001                . = ASSERT (((__fast_run_start__ == __fast_run_end__) || ((__fast_run_end__ - __RAM1_segment_start__) <= __RAM1_segment_size__)), error: .fast_run is too large to fit in RAM1 memory segment)
                0x000000000000401c                __data_load_start__ = ALIGN ((__fast_load_start__ + SIZEOF (.fast)), 0x4)

.data           0x0000000020000000       0x40 load address 0x000000000000401c
                0x0000000020000000                __data_start__ = .
 *(.data .data.* .gnu.linkonce.d.*)
 .data.log_backend_cb_rtt_log_backend
                0x0000000020000000        0x8 Output/Release/Obj/saadc_pca10056/nrf_log_default_backends.o
 .data.channels
                0x0000000020000008       0x18 Output/Release/Obj/saadc_pca10056/joystick.o
 .data.SystemCoreClock
                0x0000000020000020        0x4 Output/Release/Obj/saadc_pca10056/system_nrf52840.o
                0x0000000020000020                SystemCoreClock
 .data.st7735_cb
                0x0000000020000024        0x8 Output/Release/Obj/saadc_pca10056/st7735.o
 .data.libc.__RAL_global_locale
                0x000000002000002c       0x14 /Applications/SEGGER Embedded Studio for ARM 5.50a/lib/libc_v7em_fpv4_sp_d16_hard_t_le_eabi.a(libc2.o)
                0x000000002000002c                __RAL_global_locale
                0x0000000020000040                __data_end__ = (__data_start__ + SIZEOF (.data))
                0x0000000000000040                __data_size__ = SIZEOF (.data)
                0x000000000000405c                __data_load_end__ = (__data_load_start__ + SIZEOF (.data))

.igot.plt       0x0000000100000000        0x0
 .igot.plt      0x0000000100000000        0x0 Output/Release/Obj/saadc_pca10056/thumb_crt0.o
                0x0000000000000001                . = ASSERT (((__data_load_start__ == __data_load_end__) || ((__data_load_end__ - __FLASH_segment_start__) <= __FLASH_segment_size__)), error: .data is too large to fit in FLASH memory segment)

.data_run       0x0000000020000000        0x0
                0x0000000020000000                __data_run_start__ = .
                0x0000000020000040                __data_run_end__ = (__data_run_start__ + SIZEOF (.data))
                0x0000000000000040                __data_run_size__ = (__data_run_end__ - __data_run_start__)
                0x0000000020000040                __data_run_load_end__ = __data_run_end__
                0x0000000000000001                . = ASSERT (((__data_run_start__ == __data_run_end__) || ((__data_run_end__ - __RAM1_segment_start__) <= __RAM1_segment_size__)), error: .data_run is too large to fit in RAM1 memory segment)
                0x000000000000405c                __tdata_load_start__ = ALIGN ((__data_load_start__ + SIZEOF (.data)), 0x4)

.tdata          0x0000000020000040        0x0 load address 0x000000000000405c
                0x0000000020000040                __tdata_start__ = .
 *(.tdata .tdata.*)
                0x0000000020000040                __tdata_end__ = (__tdata_start__ + SIZEOF (.tdata))
                0x0000000000000000                __tdata_size__ = SIZEOF (.tdata)
                0x000000000000405c                __tdata_load_end__ = (__tdata_load_start__ + SIZEOF (.tdata))
                0x000000000000405c                __FLASH_segment_used_end__ = (ALIGN ((__data_load_start__ + SIZEOF (.data)), 0x4) + SIZEOF (.tdata))
                0x000000000000405c                __FLASH_segment_used_size__ = (__FLASH_segment_used_end__ - __FLASH_segment_start__)
                0x0000000000000001                . = ASSERT (((__tdata_load_start__ == __tdata_load_end__) || ((__tdata_load_end__ - __FLASH_segment_start__) <= __FLASH_segment_size__)), error: .tdata is too large to fit in FLASH memory segment)

.tdata_run      0x0000000020000040        0x0
                0x0000000020000040                __tdata_run_start__ = .
                0x0000000020000040                __tdata_run_end__ = (__tdata_run_start__ + SIZEOF (.tdata))
                0x0000000000000000                __tdata_run_size__ = (__tdata_run_end__ - __tdata_run_start__)
                0x0000000020000040                __tdata_run_load_end__ = __tdata_run_end__
                0x0000000000000001                . = ASSERT (((__tdata_run_start__ == __tdata_run_end__) || ((__tdata_run_end__ - __RAM1_segment_start__) <= __RAM1_segment_size__)), error: .tdata_run is too large to fit in RAM1 memory segment)
                0x0000000020000040                __bss_load_start__ = ALIGN (__tdata_run_end__, 0x4)

.bss            0x0000000020000040      0x951
                0x0000000020000040                __bss_start__ = .
 *(.bss .bss.* .gnu.linkonce.b.*)
 .bss.m_host_present
                0x0000000020000040        0x1 Output/Release/Obj/saadc_pca10056/nrf_log_backend_rtt.o
 .bss.m_string_buff
                0x0000000020000041       0x40 Output/Release/Obj/saadc_pca10056/nrf_log_backend_rtt.o
 *fill*         0x0000000020000081        0x3 
 .bss.log_mempool_nrf_balloc_cb
                0x0000000020000084        0x8 Output/Release/Obj/saadc_pca10056/nrf_log_frontend.o
 .bss.log_mempool_nrf_balloc_pool_mem
                0x000000002000008c       0xc0 Output/Release/Obj/saadc_pca10056/nrf_log_frontend.o
 .bss.log_mempool_nrf_balloc_pool_stack
                0x000000002000014c        0x8 Output/Release/Obj/saadc_pca10056/nrf_log_frontend.o
 .bss.m_log_data
                0x0000000020000154      0x420 Output/Release/Obj/saadc_pca10056/nrf_log_frontend.o
 .bss.m_log_push_ringbuf_buf
                0x0000000020000574       0x80 Output/Release/Obj/saadc_pca10056/nrf_log_frontend.o
 .bss.m_log_push_ringbuf_cb
                0x00000000200005f4       0x18 Output/Release/Obj/saadc_pca10056/nrf_log_frontend.o
 .bss.m_in_critical_region
                0x000000002000060c        0x4 Output/Release/Obj/saadc_pca10056/app_util_platform.o
 .bss.m_cb      0x0000000020000610        0x8 Output/Release/Obj/saadc_pca10056/drv_rtc.o
 .bss.m_handlers
                0x0000000020000618        0x4 Output/Release/Obj/saadc_pca10056/drv_rtc.o
 .bss.m_prs_box_4
                0x000000002000061c        0x8 Output/Release/Obj/saadc_pca10056/nrfx_prs.o
 .bss.m_cb      0x0000000020000624       0x2c Output/Release/Obj/saadc_pca10056/nrfx_saadc.o
 .bss.m_clock_cb
                0x0000000020000650        0x8 Output/Release/Obj/saadc_pca10056/nrfx_clock.o
 .bss.m_handlers
                0x0000000020000658        0x4 Output/Release/Obj/saadc_pca10056/nrfx_rtc.o
 .bss.m_cb      0x000000002000065c       0x5c Output/Release/Obj/saadc_pca10056/nrfx_gpiote.o
 .bss.m_contexts
                0x00000000200006b8       0x10 Output/Release/Obj/saadc_pca10056/nrf_drv_spi.o
 .bss.m_handlers
                0x00000000200006c8       0x10 Output/Release/Obj/saadc_pca10056/nrf_drv_spi.o
 .bss.m_cb      0x00000000200006d8       0x24 Output/Release/Obj/saadc_pca10056/nrfx_spim.o
 .bss.interruptDebugger
                0x00000000200006fc        0x4 Output/Release/Obj/saadc_pca10056/joystick.o
                0x00000000200006fc                interruptDebugger
 .bss.samples   0x0000000020000700        0x4 Output/Release/Obj/saadc_pca10056/joystick.o
 .bss.text_start_test
                0x0000000020000704        0x4 Output/Release/Obj/saadc_pca10056/st7735_display.o
                0x0000000020000704                text_start_test
 .bss._SEGGER_RTT
                0x0000000020000708       0x78 Output/Release/Obj/saadc_pca10056/SEGGER_RTT.o
                0x0000000020000708                _SEGGER_RTT
 .bss._acDownBuffer
                0x0000000020000780       0x10 Output/Release/Obj/saadc_pca10056/SEGGER_RTT.o
 .bss._acUpBuffer
                0x0000000020000790      0x200 Output/Release/Obj/saadc_pca10056/SEGGER_RTT.o
 .bss.m_st7735  0x0000000020000990        0x1 Output/Release/Obj/saadc_pca10056/st7735.o
 *(COMMON)
                0x0000000020000991                __bss_end__ = (__bss_start__ + SIZEOF (.bss))
                0x0000000000000951                __bss_size__ = SIZEOF (.bss)
                0x0000000020000991                __bss_load_end__ = __bss_end__
                0x0000000000000001                . = ASSERT (((__bss_start__ == __bss_end__) || ((__bss_end__ - __RAM1_segment_start__) <= __RAM1_segment_size__)), error: .bss is too large to fit in RAM1 memory segment)
                0x0000000020000994                __tbss_load_start__ = ALIGN (__bss_end__, 0x4)

.tbss           0x0000000020000994        0x0
                0x0000000020000994                __tbss_start__ = .
 *(.tbss .tbss.*)
                0x0000000020000994                __tbss_end__ = (__tbss_start__ + SIZEOF (.tbss))
                0x0000000000000000                __tbss_size__ = SIZEOF (.tbss)
                0x0000000020000994                __tbss_load_end__ = __tbss_end__
                0x0000000000000001                . = ASSERT (((__tbss_start__ == __tbss_end__) || ((__tbss_end__ - __RAM1_segment_start__) <= __RAM1_segment_size__)), error: .tbss is too large to fit in RAM1 memory segment)
                0x0000000020000994                __non_init_load_start__ = ALIGN (__tbss_end__, 0x4)

.non_init       0x0000000020000994        0x0
                0x0000000020000994                __non_init_start__ = .
 *(.non_init .non_init.*)
                0x0000000020000994                __non_init_end__ = (__non_init_start__ + SIZEOF (.non_init))
                0x0000000000000000                __non_init_size__ = SIZEOF (.non_init)
                0x0000000020000994                __non_init_load_end__ = __non_init_end__
                0x0000000000000001                . = ASSERT (((__non_init_start__ == __non_init_end__) || ((__non_init_end__ - __RAM1_segment_start__) <= __RAM1_segment_size__)), error: .non_init is too large to fit in RAM1 memory segment)
                0x0000000020000994                __heap_load_start__ = ALIGN (__non_init_end__, 0x4)

.heap           0x0000000020000994     0x2000
                0x0000000020000994                __heap_start__ = .
 *(.heap .heap.*)
                0x0000000020002994                . = ALIGN (MAX ((__heap_start__ + __HEAPSIZE__), .), 0x4)
 *fill*         0x0000000020000994     0x2000 
                0x0000000020002994                __heap_end__ = (__heap_start__ + SIZEOF (.heap))
                0x0000000000002000                __heap_size__ = SIZEOF (.heap)
                0x0000000020002994                __heap_load_end__ = __heap_end__
                0x0000000000000001                . = ASSERT (((__heap_start__ == __heap_end__) || ((__heap_end__ - __RAM1_segment_start__) <= __RAM1_segment_size__)), error: .heap is too large to fit in RAM1 memory segment)
                0x000000002003e000                __stack_load_start__ = (__RAM1_segment_start__ + (__RAM1_segment_size__ - 0x2000))

.stack          0x000000002003e000     0x2000
                0x000000002003e000                __stack_start__ = .
                0x000000002003e000                __StackLimit = __stack_start__
 *(.stack .stack.*)
                0x0000000020040000                . = ALIGN (MAX ((__stack_start__ + __STACKSIZE__), .), 0x8)
 *fill*         0x000000002003e000     0x2000 
                0x0000000020040000                __stack_end__ = (__stack_start__ + SIZEOF (.stack))
                0x0000000000002000                __stack_size__ = SIZEOF (.stack)
                0x0000000020040000                __StackTop = __stack_end__
                0x0000000020040000                __stack_load_end__ = __stack_end__
                0x0000000000000001                . = ASSERT (((__stack_start__ == __stack_end__) || ((__stack_end__ - __RAM1_segment_start__) <= __RAM1_segment_size__)), error: .stack is too large to fit in RAM1 memory segment)
                0x0000000000000001                . = ASSERT ((__heap_end__ <= __stack_start__), error: section .heap overlaps absolute placed section .stack)
                0x0000000020040000                __stack_process_load_start__ = ALIGN (__stack_end__, 0x8)

.stack_process  0x0000000020040000        0x0
                0x0000000020040000                __stack_process_start__ = .
 *(.stack_process .stack_process.*)
                0x0000000020040000                . = ALIGN (MAX ((__stack_process_start__ + __STACKSIZE_PROCESS__), .), 0x8)
                0x0000000020040000                __stack_process_end__ = (__stack_process_start__ + SIZEOF (.stack_process))
                0x0000000000000000                __stack_process_size__ = SIZEOF (.stack_process)
                0x0000000020040000                __stack_process_load_end__ = __stack_process_end__
                0x0000000020040000                __RAM1_segment_used_end__ = (ALIGN (__stack_end__, 0x8) + SIZEOF (.stack_process))
                0x0000000000040000                __RAM1_segment_used_size__ = (__RAM1_segment_used_end__ - __RAM1_segment_start__)
                0x0000000000000001                . = ASSERT (((__stack_process_start__ == __stack_process_end__) || ((__stack_process_end__ - __RAM1_segment_start__) <= __RAM1_segment_size__)), error: .stack_process is too large to fit in RAM1 memory segment)
START GROUP
LOAD Output/Release/Obj/saadc_pca10056/thumb_crt0.o
LOAD Output/Release/Obj/saadc_pca10056/nrf_log_backend_rtt.o
LOAD Output/Release/Obj/saadc_pca10056/nrf_log_backend_serial.o
LOAD Output/Release/Obj/saadc_pca10056/nrf_log_backend_uart.o
LOAD Output/Release/Obj/saadc_pca10056/nrf_log_default_backends.o
LOAD Output/Release/Obj/saadc_pca10056/nrf_log_frontend.o
LOAD Output/Release/Obj/saadc_pca10056/nrf_log_str_formatter.o
LOAD Output/Release/Obj/saadc_pca10056/boards.o
LOAD Output/Release/Obj/saadc_pca10056/app_error.o
LOAD Output/Release/Obj/saadc_pca10056/app_error_handler_gcc.o
LOAD Output/Release/Obj/saadc_pca10056/app_error_weak.o
LOAD Output/Release/Obj/saadc_pca10056/app_util_platform.o
LOAD Output/Release/Obj/saadc_pca10056/nrf_assert.o
LOAD Output/Release/Obj/saadc_pca10056/nrf_atomic.o
LOAD Output/Release/Obj/saadc_pca10056/nrf_balloc.o
LOAD Output/Release/Obj/saadc_pca10056/nrf_fprintf.o
LOAD Output/Release/Obj/saadc_pca10056/nrf_fprintf_format.o
LOAD Output/Release/Obj/saadc_pca10056/nrf_memobj.o
LOAD Output/Release/Obj/saadc_pca10056/nrf_pwr_mgmt.o
LOAD Output/Release/Obj/saadc_pca10056/nrf_ringbuf.o
LOAD Output/Release/Obj/saadc_pca10056/nrf_section_iter.o
LOAD Output/Release/Obj/saadc_pca10056/nrf_strerror.o
LOAD Output/Release/Obj/saadc_pca10056/app_timer2.o
LOAD Output/Release/Obj/saadc_pca10056/drv_rtc.o
LOAD Output/Release/Obj/saadc_pca10056/nrf_atfifo.o
LOAD Output/Release/Obj/saadc_pca10056/nrf_sortlist.o
LOAD Output/Release/Obj/saadc_pca10056/nrf_gfx.o
LOAD Output/Release/Obj/saadc_pca10056/nrf_drv_uart.o
LOAD Output/Release/Obj/saadc_pca10056/nrfx_prs.o
LOAD Output/Release/Obj/saadc_pca10056/nrfx_saadc.o
LOAD Output/Release/Obj/saadc_pca10056/nrfx_uart.o
LOAD Output/Release/Obj/saadc_pca10056/nrfx_uarte.o
LOAD Output/Release/Obj/saadc_pca10056/nrfx_clock.o
LOAD Output/Release/Obj/saadc_pca10056/nrfx_rtc.o
LOAD Output/Release/Obj/saadc_pca10056/nrf_drv_clock.o
LOAD Output/Release/Obj/saadc_pca10056/nrfx_gpiote.o
LOAD Output/Release/Obj/saadc_pca10056/nrf_drv_spi.o
LOAD Output/Release/Obj/saadc_pca10056/nrf_nvic.o
LOAD Output/Release/Obj/saadc_pca10056/nrf_soc.o
LOAD Output/Release/Obj/saadc_pca10056/nrfx_spi.o
LOAD Output/Release/Obj/saadc_pca10056/nrfx_spim.o
LOAD Output/Release/Obj/saadc_pca10056/nrfx_atomic.o
LOAD Output/Release/Obj/saadc_pca10056/main.o
LOAD Output/Release/Obj/saadc_pca10056/joystick.o
LOAD Output/Release/Obj/saadc_pca10056/st7735_display.o
LOAD Output/Release/Obj/saadc_pca10056/buttons.o
LOAD Output/Release/Obj/saadc_pca10056/SEGGER_RTT.o
LOAD Output/Release/Obj/saadc_pca10056/SEGGER_RTT_Syscalls_SES.o
LOAD Output/Release/Obj/saadc_pca10056/SEGGER_RTT_printf.o
LOAD Output/Release/Obj/saadc_pca10056/ses_startup_nrf52840.o
LOAD Output/Release/Obj/saadc_pca10056/ses_startup_nrf_common.o
LOAD Output/Release/Obj/saadc_pca10056/system_nrf52840.o
LOAD Output/Release/Obj/saadc_pca10056/st7735.o
LOAD Output/Release/Obj/saadc_pca10056/orkney24pts.o
LOAD Output/Release/Obj/saadc_pca10056/orkney8pts.o
LOAD /Applications/SEGGER Embedded Studio for ARM 5.50a/lib/libm_v7em_fpv4_sp_d16_hard_t_le_eabi.a
LOAD /Applications/SEGGER Embedded Studio for ARM 5.50a/lib/libc_v7em_fpv4_sp_d16_hard_t_le_eabi.a
LOAD /Applications/SEGGER Embedded Studio for ARM 5.50a/lib/libdebugio_v7em_fpv4_sp_d16_hard_t_le_eabi.a
END GROUP
OUTPUT(Output/Release/Exe/saadc_pca10056.elf elf32-littlearm)
LOAD linker stubs

.ARM.attributes
                0x0000000000000000       0x30
 .ARM.attributes
                0x0000000000000000       0x20 Output/Release/Obj/saadc_pca10056/thumb_crt0.o
 .ARM.attributes
                0x0000000000000020       0x39 Output/Release/Obj/saadc_pca10056/nrf_log_backend_rtt.o
 .ARM.attributes
                0x0000000000000059       0x39 Output/Release/Obj/saadc_pca10056/nrf_log_backend_serial.o
 .ARM.attributes
                0x0000000000000092       0x39 Output/Release/Obj/saadc_pca10056/nrf_log_default_backends.o
 .ARM.attributes
                0x00000000000000cb       0x39 Output/Release/Obj/saadc_pca10056/nrf_log_frontend.o
 .ARM.attributes
                0x0000000000000104       0x39 Output/Release/Obj/saadc_pca10056/nrf_log_str_formatter.o
 .ARM.attributes
                0x000000000000013d       0x39 Output/Release/Obj/saadc_pca10056/app_error.o
 .ARM.attributes
                0x0000000000000176       0x39 Output/Release/Obj/saadc_pca10056/app_error_weak.o
 .ARM.attributes
                0x00000000000001af       0x39 Output/Release/Obj/saadc_pca10056/app_util_platform.o
 .ARM.attributes
                0x00000000000001e8       0x39 Output/Release/Obj/saadc_pca10056/nrf_atomic.o
 .ARM.attributes
                0x0000000000000221       0x39 Output/Release/Obj/saadc_pca10056/nrf_balloc.o
 .ARM.attributes
                0x000000000000025a       0x39 Output/Release/Obj/saadc_pca10056/nrf_fprintf.o
 .ARM.attributes
                0x0000000000000293       0x39 Output/Release/Obj/saadc_pca10056/nrf_fprintf_format.o
 .ARM.attributes
                0x00000000000002cc       0x39 Output/Release/Obj/saadc_pca10056/nrf_memobj.o
 .ARM.attributes
                0x0000000000000305       0x39 Output/Release/Obj/saadc_pca10056/nrf_pwr_mgmt.o
 .ARM.attributes
                0x000000000000033e       0x39 Output/Release/Obj/saadc_pca10056/nrf_ringbuf.o
 .ARM.attributes
                0x0000000000000377       0x39 Output/Release/Obj/saadc_pca10056/app_timer2.o
 .ARM.attributes
                0x00000000000003b0       0x39 Output/Release/Obj/saadc_pca10056/drv_rtc.o
 .ARM.attributes
                0x00000000000003e9       0x39 Output/Release/Obj/saadc_pca10056/nrf_sortlist.o
 .ARM.attributes
                0x0000000000000422       0x39 Output/Release/Obj/saadc_pca10056/nrf_gfx.o
 .ARM.attributes
                0x000000000000045b       0x39 Output/Release/Obj/saadc_pca10056/nrfx_prs.o
 .ARM.attributes
                0x0000000000000494       0x39 Output/Release/Obj/saadc_pca10056/nrfx_saadc.o
 .ARM.attributes
                0x00000000000004cd       0x39 Output/Release/Obj/saadc_pca10056/nrfx_uart.o
 .ARM.attributes
                0x0000000000000506       0x39 Output/Release/Obj/saadc_pca10056/nrfx_uarte.o
 .ARM.attributes
                0x000000000000053f       0x39 Output/Release/Obj/saadc_pca10056/nrfx_clock.o
 .ARM.attributes
                0x0000000000000578       0x39 Output/Release/Obj/saadc_pca10056/nrfx_rtc.o
 .ARM.attributes
                0x00000000000005b1       0x39 Output/Release/Obj/saadc_pca10056/nrf_drv_clock.o
 .ARM.attributes
                0x00000000000005ea       0x39 Output/Release/Obj/saadc_pca10056/nrfx_gpiote.o
 .ARM.attributes
                0x0000000000000623       0x39 Output/Release/Obj/saadc_pca10056/nrf_drv_spi.o
 .ARM.attributes
                0x000000000000065c       0x39 Output/Release/Obj/saadc_pca10056/nrfx_spim.o
 .ARM.attributes
                0x0000000000000695       0x39 Output/Release/Obj/saadc_pca10056/main.o
 .ARM.attributes
                0x00000000000006ce       0x39 Output/Release/Obj/saadc_pca10056/joystick.o
 .ARM.attributes
                0x0000000000000707       0x39 Output/Release/Obj/saadc_pca10056/st7735_display.o
 .ARM.attributes
                0x0000000000000740       0x39 Output/Release/Obj/saadc_pca10056/SEGGER_RTT.o
 .ARM.attributes
                0x0000000000000779       0x20 Output/Release/Obj/saadc_pca10056/ses_startup_nrf52840.o
 .ARM.attributes
                0x0000000000000799       0x20 Output/Release/Obj/saadc_pca10056/ses_startup_nrf_common.o
 .ARM.attributes
                0x00000000000007b9       0x39 Output/Release/Obj/saadc_pca10056/system_nrf52840.o
 .ARM.attributes
                0x00000000000007f2       0x39 Output/Release/Obj/saadc_pca10056/st7735.o
 .ARM.attributes
                0x000000000000082b       0x39 Output/Release/Obj/saadc_pca10056/orkney8pts.o
 .ARM.attributes
                0x0000000000000864       0x34 /Applications/SEGGER Embedded Studio for ARM 5.50a/lib/libc_v7em_fpv4_sp_d16_hard_t_le_eabi.a(libc2.o)
 .ARM.attributes
                0x0000000000000898       0x20 /Applications/SEGGER Embedded Studio for ARM 5.50a/lib/libc_v7em_fpv4_sp_d16_hard_t_le_eabi.a(libc2_asm.o)

.comment        0x0000000000000000       0x25
 .comment       0x0000000000000000       0x25 Output/Release/Obj/saadc_pca10056/nrf_log_backend_rtt.o
                                         0x26 (size before relaxing)
 .comment       0x0000000000000025       0x26 Output/Release/Obj/saadc_pca10056/nrf_log_backend_serial.o
 .comment       0x0000000000000025       0x26 Output/Release/Obj/saadc_pca10056/nrf_log_default_backends.o
 .comment       0x0000000000000025       0x26 Output/Release/Obj/saadc_pca10056/nrf_log_frontend.o
 .comment       0x0000000000000025       0x26 Output/Release/Obj/saadc_pca10056/nrf_log_str_formatter.o
 .comment       0x0000000000000025       0x26 Output/Release/Obj/saadc_pca10056/app_error.o
 .comment       0x0000000000000025       0x26 Output/Release/Obj/saadc_pca10056/app_error_weak.o
 .comment       0x0000000000000025       0x26 Output/Release/Obj/saadc_pca10056/app_util_platform.o
 .comment       0x0000000000000025       0x26 Output/Release/Obj/saadc_pca10056/nrf_atomic.o
 .comment       0x0000000000000025       0x26 Output/Release/Obj/saadc_pca10056/nrf_balloc.o
 .comment       0x0000000000000025       0x26 Output/Release/Obj/saadc_pca10056/nrf_fprintf.o
 .comment       0x0000000000000025       0x26 Output/Release/Obj/saadc_pca10056/nrf_fprintf_format.o
 .comment       0x0000000000000025       0x26 Output/Release/Obj/saadc_pca10056/nrf_memobj.o
 .comment       0x0000000000000025       0x26 Output/Release/Obj/saadc_pca10056/nrf_pwr_mgmt.o
 .comment       0x0000000000000025       0x26 Output/Release/Obj/saadc_pca10056/nrf_ringbuf.o
 .comment       0x0000000000000025       0x26 Output/Release/Obj/saadc_pca10056/app_timer2.o
 .comment       0x0000000000000025       0x26 Output/Release/Obj/saadc_pca10056/drv_rtc.o
 .comment       0x0000000000000025       0x26 Output/Release/Obj/saadc_pca10056/nrf_sortlist.o
 .comment       0x0000000000000025       0x26 Output/Release/Obj/saadc_pca10056/nrf_gfx.o
 .comment       0x0000000000000025       0x26 Output/Release/Obj/saadc_pca10056/nrfx_prs.o
 .comment       0x0000000000000025       0x26 Output/Release/Obj/saadc_pca10056/nrfx_saadc.o
 .comment       0x0000000000000025       0x26 Output/Release/Obj/saadc_pca10056/nrfx_uart.o
 .comment       0x0000000000000025       0x26 Output/Release/Obj/saadc_pca10056/nrfx_uarte.o
 .comment       0x0000000000000025       0x26 Output/Release/Obj/saadc_pca10056/nrfx_clock.o
 .comment       0x0000000000000025       0x26 Output/Release/Obj/saadc_pca10056/nrfx_rtc.o
 .comment       0x0000000000000025       0x26 Output/Release/Obj/saadc_pca10056/nrf_drv_clock.o
 .comment       0x0000000000000025       0x26 Output/Release/Obj/saadc_pca10056/nrfx_gpiote.o
 .comment       0x0000000000000025       0x26 Output/Release/Obj/saadc_pca10056/nrf_drv_spi.o
 .comment       0x0000000000000025       0x26 Output/Release/Obj/saadc_pca10056/nrfx_spim.o
 .comment       0x0000000000000025       0x26 Output/Release/Obj/saadc_pca10056/main.o
 .comment       0x0000000000000025       0x26 Output/Release/Obj/saadc_pca10056/joystick.o
 .comment       0x0000000000000025       0x26 Output/Release/Obj/saadc_pca10056/st7735_display.o
 .comment       0x0000000000000025       0x26 Output/Release/Obj/saadc_pca10056/SEGGER_RTT.o
 .comment       0x0000000000000025       0x26 Output/Release/Obj/saadc_pca10056/system_nrf52840.o
 .comment       0x0000000000000025       0x26 Output/Release/Obj/saadc_pca10056/st7735.o
 .comment       0x0000000000000025       0x26 Output/Release/Obj/saadc_pca10056/orkney8pts.o
 .comment       0x0000000000000025       0x26 /Applications/SEGGER Embedded Studio for ARM 5.50a/lib/libc_v7em_fpv4_sp_d16_hard_t_le_eabi.a(libc2.o)

.debug_line     0x0000000000000000    0x19d6c
 .debug_line    0x0000000000000000      0x215 Output/Release/Obj/saadc_pca10056/thumb_crt0.o
 .debug_line    0x0000000000000215      0x8f9 Output/Release/Obj/saadc_pca10056/nrf_log_backend_rtt.o
 .debug_line    0x0000000000000b0e      0x6d3 Output/Release/Obj/saadc_pca10056/nrf_log_backend_serial.o
 .debug_line    0x00000000000011e1      0x5c4 Output/Release/Obj/saadc_pca10056/nrf_log_default_backends.o
 .debug_line    0x00000000000017a5     0x126a Output/Release/Obj/saadc_pca10056/nrf_log_frontend.o
 .debug_line    0x0000000000002a0f      0x7da Output/Release/Obj/saadc_pca10056/nrf_log_str_formatter.o
 .debug_line    0x00000000000031e9      0x3c7 Output/Release/Obj/saadc_pca10056/app_error.o
 .debug_line    0x00000000000035b0      0x6fe Output/Release/Obj/saadc_pca10056/app_error_weak.o
 .debug_line    0x0000000000003cae      0x455 Output/Release/Obj/saadc_pca10056/app_util_platform.o
 .debug_line    0x0000000000004103      0x6ab Output/Release/Obj/saadc_pca10056/nrf_atomic.o
 .debug_line    0x00000000000047ae      0x6bc Output/Release/Obj/saadc_pca10056/nrf_balloc.o
 .debug_line    0x0000000000004e6a      0x3e7 Output/Release/Obj/saadc_pca10056/nrf_fprintf.o
 .debug_line    0x0000000000005251      0x844 Output/Release/Obj/saadc_pca10056/nrf_fprintf_format.o
 .debug_line    0x0000000000005a95      0x812 Output/Release/Obj/saadc_pca10056/nrf_memobj.o
 .debug_line    0x00000000000062a7      0xb63 Output/Release/Obj/saadc_pca10056/nrf_pwr_mgmt.o
 .debug_line    0x0000000000006e0a      0x782 Output/Release/Obj/saadc_pca10056/nrf_ringbuf.o
 .debug_line    0x000000000000758c      0xd54 Output/Release/Obj/saadc_pca10056/app_timer2.o
 .debug_line    0x00000000000082e0     0x118a Output/Release/Obj/saadc_pca10056/drv_rtc.o
 .debug_line    0x000000000000946a      0x5e3 Output/Release/Obj/saadc_pca10056/nrf_sortlist.o
 .debug_line    0x0000000000009a4d     0x136f Output/Release/Obj/saadc_pca10056/nrf_gfx.o
 .debug_line    0x000000000000adbc      0x742 Output/Release/Obj/saadc_pca10056/nrfx_prs.o
 .debug_line    0x000000000000b4fe     0x19af Output/Release/Obj/saadc_pca10056/nrfx_saadc.o
 .debug_line    0x000000000000cead     0x17fd Output/Release/Obj/saadc_pca10056/nrfx_uart.o
 .debug_line    0x000000000000e6aa     0x178b Output/Release/Obj/saadc_pca10056/nrfx_uarte.o
 .debug_line    0x000000000000fe35      0xc1d Output/Release/Obj/saadc_pca10056/nrfx_clock.o
 .debug_line    0x0000000000010a52      0xed6 Output/Release/Obj/saadc_pca10056/nrfx_rtc.o
 .debug_line    0x0000000000011928      0xb94 Output/Release/Obj/saadc_pca10056/nrf_drv_clock.o
 .debug_line    0x00000000000124bc     0x1cac Output/Release/Obj/saadc_pca10056/nrfx_gpiote.o
 .debug_line    0x0000000000014168      0x650 Output/Release/Obj/saadc_pca10056/nrf_drv_spi.o
 .debug_line    0x00000000000147b8     0x1242 Output/Release/Obj/saadc_pca10056/nrfx_spim.o
 .debug_line    0x00000000000159fa      0x849 Output/Release/Obj/saadc_pca10056/main.o
 .debug_line    0x0000000000016243      0x7cd Output/Release/Obj/saadc_pca10056/joystick.o
 .debug_line    0x0000000000016a10      0xd73 Output/Release/Obj/saadc_pca10056/st7735_display.o
 .debug_line    0x0000000000017783     0x1284 Output/Release/Obj/saadc_pca10056/SEGGER_RTT.o
 .debug_line    0x0000000000018a07       0xa5 Output/Release/Obj/saadc_pca10056/ses_startup_nrf52840.o
 .debug_line    0x0000000000018aac       0xc4 Output/Release/Obj/saadc_pca10056/ses_startup_nrf_common.o
 .debug_line    0x0000000000018b70      0x5a1 Output/Release/Obj/saadc_pca10056/system_nrf52840.o
 .debug_line    0x0000000000019111      0xb7d Output/Release/Obj/saadc_pca10056/st7735.o
 .debug_line    0x0000000000019c8e       0xde Output/Release/Obj/saadc_pca10056/orkney8pts.o

.debug_info     0x0000000000000000    0x27b21
 .debug_info    0x0000000000000000       0x22 Output/Release/Obj/saadc_pca10056/thumb_crt0.o
 .debug_info    0x0000000000000022      0x54b Output/Release/Obj/saadc_pca10056/nrf_log_backend_rtt.o
 .debug_info    0x000000000000056d      0x77b Output/Release/Obj/saadc_pca10056/nrf_log_backend_serial.o
 .debug_info    0x0000000000000ce8      0x2df Output/Release/Obj/saadc_pca10056/nrf_log_default_backends.o
 .debug_info    0x0000000000000fc7     0x2374 Output/Release/Obj/saadc_pca10056/nrf_log_frontend.o
 .debug_info    0x000000000000333b      0x7a5 Output/Release/Obj/saadc_pca10056/nrf_log_str_formatter.o
 .debug_info    0x0000000000003ae0      0x2a4 Output/Release/Obj/saadc_pca10056/app_error.o
 .debug_info    0x0000000000003d84      0x4a1 Output/Release/Obj/saadc_pca10056/app_error_weak.o
 .debug_info    0x0000000000004225      0x7a9 Output/Release/Obj/saadc_pca10056/app_util_platform.o
 .debug_info    0x00000000000049ce      0x933 Output/Release/Obj/saadc_pca10056/nrf_atomic.o
 .debug_info    0x0000000000005301      0x3a6 Output/Release/Obj/saadc_pca10056/nrf_balloc.o
 .debug_info    0x00000000000056a7      0x233 Output/Release/Obj/saadc_pca10056/nrf_fprintf.o
 .debug_info    0x00000000000058da      0x714 Output/Release/Obj/saadc_pca10056/nrf_fprintf_format.o
 .debug_info    0x0000000000005fee      0x8bb Output/Release/Obj/saadc_pca10056/nrf_memobj.o
 .debug_info    0x00000000000068a9     0x10cf Output/Release/Obj/saadc_pca10056/nrf_pwr_mgmt.o
 .debug_info    0x0000000000007978      0x622 Output/Release/Obj/saadc_pca10056/nrf_ringbuf.o
 .debug_info    0x0000000000007f9a     0x150b Output/Release/Obj/saadc_pca10056/app_timer2.o
 .debug_info    0x00000000000094a5     0x20c4 Output/Release/Obj/saadc_pca10056/drv_rtc.o
 .debug_info    0x000000000000b569      0x39f Output/Release/Obj/saadc_pca10056/nrf_sortlist.o
 .debug_info    0x000000000000b908     0x17cf Output/Release/Obj/saadc_pca10056/nrf_gfx.o
 .debug_info    0x000000000000d0d7      0x7c9 Output/Release/Obj/saadc_pca10056/nrfx_prs.o
 .debug_info    0x000000000000d8a0     0x29d1 Output/Release/Obj/saadc_pca10056/nrfx_saadc.o
 .debug_info    0x0000000000010271     0x3169 Output/Release/Obj/saadc_pca10056/nrfx_uart.o
 .debug_info    0x00000000000133da     0x3330 Output/Release/Obj/saadc_pca10056/nrfx_uarte.o
 .debug_info    0x000000000001670a     0x129b Output/Release/Obj/saadc_pca10056/nrfx_clock.o
 .debug_info    0x00000000000179a5     0x19fd Output/Release/Obj/saadc_pca10056/nrfx_rtc.o
 .debug_info    0x00000000000193a2      0xe71 Output/Release/Obj/saadc_pca10056/nrf_drv_clock.o